Modules list:
-------------
BFRPG.o:
    BSS               Offs=000000  Size=000006  Align=00001  Fill=0000
    DATA              Offs=000000  Size=0000B0  Align=00001  Fill=0000
Common.o:
    CODE              Offs=000000  Size=0001B9  Align=00001  Fill=0000
    BSS               Offs=000006  Size=000010  Align=00001  Fill=0000
    DATA              Offs=0000B0  Size=000004  Align=00001  Fill=0000
Lists.o:
    CODE              Offs=0001B9  Size=0004F6  Align=00001  Fill=0000
    RODATA            Offs=000000  Size=000015  Align=00001  Fill=0000
    DATA              Offs=0000B4  Size=000004  Align=00001  Fill=0000
MapDemo.o:
    CODE              Offs=0006AF  Size=00005F  Align=00001  Fill=0000
    RODATA            Offs=000015  Size=00001A  Align=00001  Fill=0000
Screen_AddCharacter.o:
    CODE              Offs=00070E  Size=001078  Align=00001  Fill=0000
    RODATA            Offs=00002F  Size=0001D6  Align=00001  Fill=0000
    BSS               Offs=000016  Size=00008F  Align=00001  Fill=0000
    DATA              Offs=0000B8  Size=00000D  Align=00001  Fill=0000
Screen_Combat.o:
    CODE              Offs=001786  Size=000129  Align=00001  Fill=0000
    RODATA            Offs=000205  Size=000009  Align=00001  Fill=0000
    DATA              Offs=0000C5  Size=000001  Align=00001  Fill=0000
Screen_Credits.o:
    CODE              Offs=0018AF  Size=000114  Align=00001  Fill=0000
    RODATA            Offs=00020E  Size=000002  Align=00001  Fill=0000
    BSS               Offs=0000A5  Size=000006  Align=00001  Fill=0000
    DATA              Offs=0000C6  Size=000118  Align=00001  Fill=0000
Screen_Map.o:
    CODE              Offs=0019C3  Size=0021A5  Align=00001  Fill=0000
    RODATA            Offs=000210  Size=00000C  Align=00001  Fill=0000
    BSS               Offs=0000AB  Size=000EA8  Align=00001  Fill=0000
    DATA              Offs=0001DE  Size=000050  Align=00001  Fill=0000
Screen_Title.o:
    CODE              Offs=003B68  Size=0000DD  Align=00001  Fill=0000
    RODATA            Offs=00021C  Size=00001B  Align=00001  Fill=0000
System_Audio.o:
    CODE              Offs=003C45  Size=000017  Align=00001  Fill=0000
System_CharacterSets.o:
    CODE              Offs=003C5C  Size=000015  Align=00001  Fill=0000
    DATA              Offs=00022E  Size=000100  Align=00001  Fill=0000
System_FileIO.o:
    CODE              Offs=003C71  Size=0000B2  Align=00001  Fill=0000
    RODATA            Offs=000237  Size=000006  Align=00001  Fill=0000
System_Graphics.o:
    CODE              Offs=003D23  Size=000F6F  Align=00001  Fill=0000
    BSS               Offs=000F53  Size=00002C  Align=00001  Fill=0000
    DATA              Offs=00032E  Size=00003E  Align=00001  Fill=0000
System_Input.o:
    CODE              Offs=004C92  Size=0000A2  Align=00001  Fill=0000
    BSS               Offs=000F7F  Size=000001  Align=00001  Fill=0000
    DATA              Offs=00036C  Size=000004  Align=00001  Fill=0000
System_MessageWindow.o:
    CODE              Offs=004D34  Size=00058C  Align=00001  Fill=0000
    RODATA            Offs=00023D  Size=00000E  Align=00001  Fill=0000
    BSS               Offs=000F80  Size=00015A  Align=00001  Fill=0000
    DATA              Offs=000370  Size=000402  Align=00001  Fill=0000
System_MusicPlayer.o:
    CODE              Offs=0052C0  Size=00019E  Align=00001  Fill=0000
    RODATA            Offs=00024B  Size=000775  Align=00001  Fill=0000
    DATA              Offs=000772  Size=000007  Align=00001  Fill=0000
CharacterSetASM.o:
SIDPlayerASM.o:
    CODE              Offs=00545E  Size=000043  Align=00001  Fill=0000
C:\ProgramData\chocolatey\lib\cc65-compiler\tools\lib/c64.lib(_directerrno.o):
    CODE              Offs=0054A1  Size=00000A  Align=00001  Fill=0000
C:\ProgramData\chocolatey\lib\cc65-compiler\tools\lib/c64.lib(_heap.o):
    DATA              Offs=000779  Size=00000A  Align=00001  Fill=0000
    ONCE              Offs=000000  Size=000010  Align=00001  Fill=0000
C:\ProgramData\chocolatey\lib\cc65-compiler\tools\lib/c64.lib(_hextab.o):
    RODATA            Offs=0009C0  Size=000010  Align=00001  Fill=0000
C:\ProgramData\chocolatey\lib\cc65-compiler\tools\lib/c64.lib(_longminstr.o):
    RODATA            Offs=0009D0  Size=00000C  Align=00001  Fill=0000
C:\ProgramData\chocolatey\lib\cc65-compiler\tools\lib/c64.lib(_oserror.o):
    BSS               Offs=0010DA  Size=000001  Align=00001  Fill=0000
C:\ProgramData\chocolatey\lib\cc65-compiler\tools\lib/c64.lib(_printf.o):
    CODE              Offs=0054AB  Size=0003A5  Align=00001  Fill=0000
    BSS               Offs=0010DB  Size=00002B  Align=00001  Fill=0000
    DATA              Offs=000783  Size=000003  Align=00001  Fill=0000
C:\ProgramData\chocolatey\lib\cc65-compiler\tools\lib/c64.lib(_seterrno.o):
    CODE              Offs=005850  Size=000009  Align=00001  Fill=0000
C:\ProgramData\chocolatey\lib\cc65-compiler\tools\lib/c64.lib(add.o):
    CODE              Offs=005859  Size=00001C  Align=00001  Fill=0000
C:\ProgramData\chocolatey\lib\cc65-compiler\tools\lib/c64.lib(addysp.o):
    CODE              Offs=005875  Size=00000E  Align=00001  Fill=0000
C:\ProgramData\chocolatey\lib\cc65-compiler\tools\lib/c64.lib(aslax2.o):
    CODE              Offs=005883  Size=00000B  Align=00001  Fill=0000
C:\ProgramData\chocolatey\lib\cc65-compiler\tools\lib/c64.lib(aslax3.o):
    CODE              Offs=00588E  Size=00000E  Align=00001  Fill=0000
C:\ProgramData\chocolatey\lib\cc65-compiler\tools\lib/c64.lib(aslax4.o):
    CODE              Offs=00589C  Size=000011  Align=00001  Fill=0000
C:\ProgramData\chocolatey\lib\cc65-compiler\tools\lib/c64.lib(axlong.o):
    CODE              Offs=0058AD  Size=00000D  Align=00001  Fill=0000
C:\ProgramData\chocolatey\lib\cc65-compiler\tools\lib/c64.lib(bordercolor.o):
    CODE              Offs=0058BA  Size=000008  Align=00001  Fill=0000
C:\ProgramData\chocolatey\lib\cc65-compiler\tools\lib/c64.lib(c_close.o):
    CODE              Offs=0058C2  Size=000004  Align=00001  Fill=0000
C:\ProgramData\chocolatey\lib\cc65-compiler\tools\lib/c64.lib(c_load.o):
    CODE              Offs=0058C6  Size=00001D  Align=00001  Fill=0000
C:\ProgramData\chocolatey\lib\cc65-compiler\tools\lib/c64.lib(c_open.o):
    CODE              Offs=0058E3  Size=000009  Align=00001  Fill=0000
C:\ProgramData\chocolatey\lib\cc65-compiler\tools\lib/c64.lib(c_save.o):
    CODE              Offs=0058EC  Size=000016  Align=00001  Fill=0000
C:\ProgramData\chocolatey\lib\cc65-compiler\tools\lib/c64.lib(c_setlfs.o):
    CODE              Offs=005902  Size=00000E  Align=00001  Fill=0000
C:\ProgramData\chocolatey\lib\cc65-compiler\tools\lib/c64.lib(c_setnam.o):
    CODE              Offs=005910  Size=000013  Align=00001  Fill=0000
C:\ProgramData\chocolatey\lib\cc65-compiler\tools\lib/c64.lib(callmain.o):
    CODE              Offs=005923  Size=000017  Align=00001  Fill=0000
    DATA              Offs=000786  Size=000004  Align=00001  Fill=0000
C:\ProgramData\chocolatey\lib\cc65-compiler\tools\lib/c64.lib(color.o):
    CODE              Offs=00593A  Size=000010  Align=00001  Fill=0000
C:\ProgramData\chocolatey\lib\cc65-compiler\tools\lib/c64.lib(condes.o):
    CODE              Offs=00594A  Size=00000C  Align=00001  Fill=0000
    DATA              Offs=00078A  Size=000025  Align=00001  Fill=0000
    ONCE              Offs=000010  Size=00000C  Align=00001  Fill=0000
C:\ProgramData\chocolatey\lib\cc65-compiler\tools\lib/c64.lib(crt0.o):
    STARTUP           Offs=000000  Size=000033  Align=00001  Fill=0000
    ONCE              Offs=00001C  Size=00001A  Align=00001  Fill=0000
    INIT              Offs=000000  Size=00001C  Align=00001  Fill=0000
C:\ProgramData\chocolatey\lib\cc65-compiler\tools\lib/c64.lib(ctype.o):
    RODATA            Offs=0009DC  Size=00008B  Align=00001  Fill=0000
C:\ProgramData\chocolatey\lib\cc65-compiler\tools\lib/c64.lib(ctypemask.o):
    CODE              Offs=005956  Size=00001E  Align=00001  Fill=0000
C:\ProgramData\chocolatey\lib\cc65-compiler\tools\lib/c64.lib(decsp1.o):
    CODE              Offs=005974  Size=000009  Align=00001  Fill=0000
C:\ProgramData\chocolatey\lib\cc65-compiler\tools\lib/c64.lib(decsp2.o):
    CODE              Offs=00597D  Size=00000D  Align=00001  Fill=0000
C:\ProgramData\chocolatey\lib\cc65-compiler\tools\lib/c64.lib(decsp3.o):
    CODE              Offs=00598A  Size=00000D  Align=00001  Fill=0000
C:\ProgramData\chocolatey\lib\cc65-compiler\tools\lib/c64.lib(decsp4.o):
    CODE              Offs=005997  Size=00000D  Align=00001  Fill=0000
C:\ProgramData\chocolatey\lib\cc65-compiler\tools\lib/c64.lib(decsp5.o):
    CODE              Offs=0059A4  Size=00000D  Align=00001  Fill=0000
C:\ProgramData\chocolatey\lib\cc65-compiler\tools\lib/c64.lib(decsp6.o):
    CODE              Offs=0059B1  Size=00000D  Align=00001  Fill=0000
C:\ProgramData\chocolatey\lib\cc65-compiler\tools\lib/c64.lib(decsp8.o):
    CODE              Offs=0059BE  Size=00000D  Align=00001  Fill=0000
C:\ProgramData\chocolatey\lib\cc65-compiler\tools\lib/c64.lib(errno.o):
    BSS               Offs=001106  Size=000002  Align=00001  Fill=0000
C:\ProgramData\chocolatey\lib\cc65-compiler\tools\lib/c64.lib(exehdr.o):
    EXEHDR            Offs=000000  Size=00000C  Align=00001  Fill=0000
C:\ProgramData\chocolatey\lib\cc65-compiler\tools\lib/c64.lib(free.o):
    CODE              Offs=0059CB  Size=0001D3  Align=00001  Fill=0000
C:\ProgramData\chocolatey\lib\cc65-compiler\tools\lib/c64.lib(icmp.o):
    CODE              Offs=005B9E  Size=00002E  Align=00001  Fill=0000
C:\ProgramData\chocolatey\lib\cc65-compiler\tools\lib/c64.lib(incsp1.o):
    CODE              Offs=005BCC  Size=000007  Align=00001  Fill=0000
C:\ProgramData\chocolatey\lib\cc65-compiler\tools\lib/c64.lib(incsp2.o):
    CODE              Offs=005BD3  Size=000016  Align=00001  Fill=0000
C:\ProgramData\chocolatey\lib\cc65-compiler\tools\lib/c64.lib(incsp3.o):
    CODE              Offs=005BE9  Size=000005  Align=00001  Fill=0000
C:\ProgramData\chocolatey\lib\cc65-compiler\tools\lib/c64.lib(incsp4.o):
    CODE              Offs=005BEE  Size=000005  Align=00001  Fill=0000
C:\ProgramData\chocolatey\lib\cc65-compiler\tools\lib/c64.lib(incsp5.o):
    CODE              Offs=005BF3  Size=000005  Align=00001  Fill=0000
C:\ProgramData\chocolatey\lib\cc65-compiler\tools\lib/c64.lib(incsp6.o):
    CODE              Offs=005BF8  Size=000005  Align=00001  Fill=0000
C:\ProgramData\chocolatey\lib\cc65-compiler\tools\lib/c64.lib(incsp7.o):
    CODE              Offs=005BFD  Size=000005  Align=00001  Fill=0000
C:\ProgramData\chocolatey\lib\cc65-compiler\tools\lib/c64.lib(incsp8.o):
    CODE              Offs=005C02  Size=000005  Align=00001  Fill=0000
C:\ProgramData\chocolatey\lib\cc65-compiler\tools\lib/c64.lib(joy-kernel.o):
    CODE              Offs=005C07  Size=00004D  Align=00001  Fill=0000
    RODATA            Offs=000A67  Size=000004  Align=00001  Fill=0000
    BSS               Offs=001108  Size=000002  Align=00001  Fill=0000
    DATA              Offs=0007AF  Size=00000C  Align=00001  Fill=0000
C:\ProgramData\chocolatey\lib\cc65-compiler\tools\lib/c64.lib(joy_read.o):
C:\ProgramData\chocolatey\lib\cc65-compiler\tools\lib/c64.lib(joy_stat_stddrv.o):
C:\ProgramData\chocolatey\lib\cc65-compiler\tools\lib/c64.lib(kernal.o):
C:\ProgramData\chocolatey\lib\cc65-compiler\tools\lib/c64.lib(ldaxsp.o):
    CODE              Offs=005C54  Size=000009  Align=00001  Fill=0000
C:\ProgramData\chocolatey\lib\cc65-compiler\tools\lib/c64.lib(libref.o):
C:\ProgramData\chocolatey\lib\cc65-compiler\tools\lib/c64.lib(lneg.o):
    CODE              Offs=005C5D  Size=00001E  Align=00001  Fill=0000
C:\ProgramData\chocolatey\lib\cc65-compiler\tools\lib/c64.lib(loadaddr.o):
    LOADADDR          Offs=000000  Size=000002  Align=00001  Fill=0000
C:\ProgramData\chocolatey\lib\cc65-compiler\tools\lib/c64.lib(lpush.o):
    CODE              Offs=005C7B  Size=000021  Align=00001  Fill=0000
C:\ProgramData\chocolatey\lib\cc65-compiler\tools\lib/c64.lib(ltoa.o):
    CODE              Offs=005C9C  Size=000095  Align=00001  Fill=0000
C:\ProgramData\chocolatey\lib\cc65-compiler\tools\lib/c64.lib(malloc.o):
    CODE              Offs=005D31  Size=00010E  Align=00001  Fill=0000
C:\ProgramData\chocolatey\lib\cc65-compiler\tools\lib/c64.lib(memcpy.o):
    CODE              Offs=005E3F  Size=00003C  Align=00001  Fill=0000
C:\ProgramData\chocolatey\lib\cc65-compiler\tools\lib/c64.lib(mod.o):
    CODE              Offs=005E7B  Size=000011  Align=00001  Fill=0000
C:\ProgramData\chocolatey\lib\cc65-compiler\tools\lib/c64.lib(mul8.o):
    CODE              Offs=005E8C  Size=00003A  Align=00001  Fill=0000
C:\ProgramData\chocolatey\lib\cc65-compiler\tools\lib/c64.lib(mulax3.o):
    CODE              Offs=005EC6  Size=000011  Align=00001  Fill=0000
C:\ProgramData\chocolatey\lib\cc65-compiler\tools\lib/c64.lib(mulax9.o):
    CODE              Offs=005ED7  Size=000017  Align=00001  Fill=0000
C:\ProgramData\chocolatey\lib\cc65-compiler\tools\lib/c64.lib(negabs.o):
    CODE              Offs=005EEE  Size=000012  Align=00001  Fill=0000
C:\ProgramData\chocolatey\lib\cc65-compiler\tools\lib/c64.lib(popa.o):
    CODE              Offs=005F00  Size=00000C  Align=00001  Fill=0000
C:\ProgramData\chocolatey\lib\cc65-compiler\tools\lib/c64.lib(popptr1.o):
    CODE              Offs=005F0C  Size=00000E  Align=00001  Fill=0000
C:\ProgramData\chocolatey\lib\cc65-compiler\tools\lib/c64.lib(push1.o):
    CODE              Offs=005F1A  Size=000005  Align=00001  Fill=0000
C:\ProgramData\chocolatey\lib\cc65-compiler\tools\lib/c64.lib(pusha.o):
    CODE              Offs=005F1F  Size=000016  Align=00001  Fill=0000
C:\ProgramData\chocolatey\lib\cc65-compiler\tools\lib/c64.lib(pushax.o):
    CODE              Offs=005F35  Size=00001A  Align=00001  Fill=0000
C:\ProgramData\chocolatey\lib\cc65-compiler\tools\lib/c64.lib(pushwsp.o):
    CODE              Offs=005F4F  Size=00001C  Align=00001  Fill=0000
C:\ProgramData\chocolatey\lib\cc65-compiler\tools\lib/c64.lib(rand.o):
    CODE              Offs=005F6B  Size=000031  Align=00001  Fill=0000
    DATA              Offs=0007BB  Size=000004  Align=00001  Fill=0000
C:\ProgramData\chocolatey\lib\cc65-compiler\tools\lib/c64.lib(shelp.o):
    CODE              Offs=005F9C  Size=000020  Align=00001  Fill=0000
C:\ProgramData\chocolatey\lib\cc65-compiler\tools\lib/c64.lib(shl.o):
    CODE              Offs=005FBC  Size=000033  Align=00001  Fill=0000
C:\ProgramData\chocolatey\lib\cc65-compiler\tools\lib/c64.lib(sprintf.o):
    CODE              Offs=005FEF  Size=00002B  Align=00001  Fill=0000
    BSS               Offs=00110A  Size=000001  Align=00001  Fill=0000
C:\ProgramData\chocolatey\lib\cc65-compiler\tools\lib/c64.lib(staspidx.o):
    CODE              Offs=00601A  Size=000016  Align=00001  Fill=0000
C:\ProgramData\chocolatey\lib\cc65-compiler\tools\lib/c64.lib(status.o):
C:\ProgramData\chocolatey\lib\cc65-compiler\tools\lib/c64.lib(staxsp.o):
    CODE              Offs=006030  Size=00000B  Align=00001  Fill=0000
C:\ProgramData\chocolatey\lib\cc65-compiler\tools\lib/c64.lib(staxspi.o):
    CODE              Offs=00603B  Size=00001B  Align=00001  Fill=0000
C:\ProgramData\chocolatey\lib\cc65-compiler\tools\lib/c64.lib(strlen.o):
    CODE              Offs=006056  Size=000016  Align=00001  Fill=0000
C:\ProgramData\chocolatey\lib\cc65-compiler\tools\lib/c64.lib(strlower.o):
    CODE              Offs=00606C  Size=000027  Align=00001  Fill=0000
C:\ProgramData\chocolatey\lib\cc65-compiler\tools\lib/c64.lib(subysp.o):
    CODE              Offs=006093  Size=00000D  Align=00001  Fill=0000
C:\ProgramData\chocolatey\lib\cc65-compiler\tools\lib/c64.lib(udiv.o):
    CODE              Offs=0060A0  Size=00004F  Align=00001  Fill=0000
C:\ProgramData\chocolatey\lib\cc65-compiler\tools\lib/c64.lib(umod.o):
    CODE              Offs=0060EF  Size=000011  Align=00001  Fill=0000
C:\ProgramData\chocolatey\lib\cc65-compiler\tools\lib/c64.lib(vsnprintf.o):
    CODE              Offs=006100  Size=0000DA  Align=00001  Fill=0000
    DATA              Offs=0007BF  Size=000008  Align=00001  Fill=0000
C:\ProgramData\chocolatey\lib\cc65-compiler\tools\lib/c64.lib(vsprintf.o):
    CODE              Offs=0061DA  Size=000012  Align=00001  Fill=0000
C:\ProgramData\chocolatey\lib\cc65-compiler\tools\lib/c64.lib(zerobss.o):
    CODE              Offs=0061EC  Size=000023  Align=00001  Fill=0000
C:\ProgramData\chocolatey\lib\cc65-compiler\tools\lib/c64.lib(zeropage.o):
    ZEROPAGE          Offs=000000  Size=00001A  Align=00001  Fill=0000
C:\ProgramData\chocolatey\lib\cc65-compiler\tools\lib/c64.lib(c64-stdjoy-joy.o):
    CODE              Offs=00620F  Size=000032  Align=00001  Fill=0000
    DATA              Offs=0007C7  Size=00000E  Align=00001  Fill=0000


Segment list:
-------------
Name                   Start     End    Size  Align
----------------------------------------------------
ZEROPAGE              000002  00001B  00001A  00001
LOADADDR              0007FF  000800  000002  00001
EXEHDR                000801  00080C  00000C  00001
STARTUP               00080D  00083F  000033  00001
CODE                  000840  006A80  006241  00001
RODATA                006A81  0074EB  000A6B  00001
DATA                  0074EC  007CC0  0007D5  00001
INIT                  007CC1  007CDC  00001C  00001
BSS                   007CDD  008DE7  00110B  00001
ONCE                  007CDD  007D14  000038  00001


Exports list by name:
---------------------
BSOUT                     00FFD2 RLA    CLOSE                     00FFC3 RLA    
LOAD                      00FFD5 RLA    OPEN                      00FFC0 RLA    
SAVE                      00FFD8 RLA    SETLFS                    00FFBA RLA    
SETNAM                    00FFBD RLA    ST                        000090 RLZ    
_AbilityModifier          007574 RLA    _AddParty                 000BFC RLA    
_AttributeSet             00771A RLA    _BlankMessageWindow       00567F RLA    
_CharRam                  008C30 RLA    _ClassDescription         007530 RLA    
_ClearScreen              00479C RLA    _CopyDoubleBuffer         0048B8 RLA    
_CopyDoubleBufferArea     0048E8 RLA    _CountParty               000D82 RLA    
_CountRoster              000B66 RLA    _DiskLoad                 004528 RLA    
_DrawAddCharacterScreen   001FA3 RLA    _DrawBorder               0052A5 RLA    
_DrawCharStats            005AD7 RLA    _DrawLineH                005225 RLA    
_DrawMessageWindow        005574 RLA    _DrawTileFast             004D94 RLA    
_InitializeInput          0054D2 RLA    _InputChanged             00551F RLA    
_InputDown                005540 RLA    _InputFire                005567 RLA    
_InputLeft                00554D RLA    _InputRight               00555A RLA    
_InputUp                  005533 RLA    _LoadMap                  0042F7 RLA    
_MapUpdate                004300 RLA    _Messages                 00785E RLA    
_MoveScreenDown           0045ED RLA    _PlaySID                  004485 RLA    
_PrintString              005185 RLA    _RaceDescription          0074EC RLA    
_ReadBit                  000984 RLA    _RemoveParty              000CBC RLA    
_ReverseBufferArea        004A19 RLA    _SIDINIT                  005CA9 RLA    
_SIDPLAY                  005CB1 RLA    _SIDSTOP                  005C9E RLA    
_ScreenCharBuffer         00781A RLA    _ScreenChars              008C32 RLA    
_ScreenColorBuffer        00781C RLA    _SelectVICBanks           004B4A RLA    
_SetChar                  004671 RLA    _SetCharC                 0046DE RLA    
_SetTileOrigin            004D5F RLA    _StopSID                  00448B RLA    
_SwitchScreen             00087B RLA    _UpdateInput              0054D9 RLA    
_Update_Combat            002061 RLA    _Update_Credits           00218C RLA    
_Update_Title             0043A8 RLA    _WriteBit                 000916 RLA    
_WriteLineMessageWindow   005782 RLA    _YColumnIndex             007820 RLA    
__BSS_RUN__               007CDD RLA    __BSS_SIZE__              00110B REA    
__CONSTRUCTOR_COUNT__     000001 REA    __CONSTRUCTOR_TABLE__     007D13 RLA    
__DESTRUCTOR_COUNT__      000000 REA    __DESTRUCTOR_TABLE__      0074EC RLA    
__EXEHDR__                000001 REA    __HEADER_LAST__           00080D RLA    
__HIMEM__                 00D000 REA    __LOADADDR__              000001 REA    
__MAIN_SIZE__             00B7F3 REA    __MAIN_START__            00080D RLA    
__ONCE_RUN__              007CDD RLA    __STACKSIZE__             000800 REA    
__STARTUP__               000001 REA    __ctype                   00745D RLA    
__ctypeidx                007468 RLA    __directerrno             005CE1 RLA    
__errno                   008DE3 RLA    __heapend                 007C69 RLA    
__heapfirst               007C6B RLA    __heaplast                007C6D RLA    
__heapptr                 007C67 RLA    __hextab                  007441 RLA    
__longminstr              007451 RLA    __oserror                 008DB7 RLA    
__printf                  005DDE RLA    __seterrno                006090 RLA    
_bgcolor                  006182 RLA    _bordercolor              0060FA RLA    
_c64_stdjoy_joy           007CB3 RLA    _cbm_k_close              006102 RLA    
_cbm_k_load               006106 RLA    _cbm_k_open               006123 RLA    
_cbm_k_save               00612C RLA    _cbm_k_setlfs             006142 RLA    
_cbm_k_setnam             006150 RLA    _clearBit                 000968 RLA    
_create                   0009F9 RLA    _delete_pos               000A8F RLA    
_exit                     000825 RLA    _free                     00620B RLA    
_getPartyMember           000DC3 RLA    _getPlayerChar            000BA7 RLA    
_joy_install              006447 RLA    _joy_read                 007CA4 REA    
_joy_static_stddrv        007CB3 RLA    _ltoa                     0064F4 RLA    
_main                     000F44 RLA    _malloc                   006571 RLA    
_memcpy                   00667F RLA    _rand                     0067AB RLA    
_randseed                 00759C RLA    _raster_wait              000840 RLA    
_sprintf                  00682F RLA    _srand                    0067CD RLA    
_str                      007CE3 RLA    _strlen                   006896 RLA    
_strlower                 0068AC RLA    _ultoa                    006535 RLA    
_vsprintf                 006A1A RLA    _wait_vblank              000854 RLA    
addysp                    0060B6 RLA    aslax3                    0060CE RLA    
aslax4                    0060DC RLA    aslaxy                    006803 RLA    
axlong                    0060ED RLA    axulong                   0060F3 RLA    
callmain                  006163 RLA    ctypemaskdirect           00619A RLA    
decsp1                    0061B4 RLA    decsp2                    0061BD RLA    
decsp3                    0061CA RLA    decsp4                    0061D7 RLA    
decsp5                    0061E4 RLA    decsp6                    0061F1 RLA    
decsp8                    0061FE RLA    donelib                   00618A RLA    
incsp1                    00640C RLA    incsp2                    00641B RLA    
incsp3                    006429 RLA    incsp4                    00642E RLA    
incsp5                    006433 RLA    incsp6                    006438 RLA    
incsp7                    00643D RLA    incsp8                    006442 RLA    
initheap                  007CDD  LAI   initlib                   007CED RLA    
joy_libref                000825 RLA    joy_read                  007CA4 RLA    
ldaxysp                   006496 RLA    mulax3                    006706 RLA    
mulax9                    006717 RLA    negax                     006732 RLA    
negeax                    00649D RLA    popa                      006740 RLA    
popax                     006413 RLA    popptr1                   00674C RLA    
popsargsudiv16            0067DC RLA    ptr1                      00000A RLZ    
ptr2                      00000C RLZ    ptr3                      00000E RLZ    
ptr4                      000010 RLZ    push0                     006775 RLA    
push1                     00675A RLA    pusha                     006763 RLA    
pusha0                    006777 RLA    pushax                    006779 RLA    
pusheax                   0064C4 RLA    pushw0sp                  00678F RLA    
pushwysp                  006791 RLA    regbank                   000016 RLZ    
regsave                   000006 RLZ    shlax2                    0060C3 RLA    
shlax3                    0060CE RLA    shlax4                    0060DC RLA    
sp                        000002 RLZ    sreg                      000004 RLZ    
staspidx                  00685A RLA    stax0sp                   006870 RLA    
staxspidx                 00687B RLA    staxysp                   006872 RLA    
subysp                    0068D3 RLA    tmp1                      000012 RLZ    
tmp2                      000013 RLZ    tosaddax                  00609B RLA    
tosicmp                   0063E0 RLA    tosicmp0                  0063DE RLA    
tosmoda0                  0066BB RLA    tosmula0                  0066CC RLA    
tosumoda0                 00692F RLA    tosumula0                 0066CC RLA    
udiv16                    0068F1 RLA    vsnprintf                 006943 RLA    
zerobss                   006A2C RLA    


Exports list by value:
----------------------
__DESTRUCTOR_COUNT__      000000 REA    __CONSTRUCTOR_COUNT__     000001 REA    
__EXEHDR__                000001 REA    __STARTUP__               000001 REA    
__LOADADDR__              000001 REA    sp                        000002 RLZ    
sreg                      000004 RLZ    regsave                   000006 RLZ    
ptr1                      00000A RLZ    ptr2                      00000C RLZ    
ptr3                      00000E RLZ    ptr4                      000010 RLZ    
tmp1                      000012 RLZ    tmp2                      000013 RLZ    
regbank                   000016 RLZ    ST                        000090 RLZ    
__STACKSIZE__             000800 REA    __MAIN_START__            00080D RLA    
__HEADER_LAST__           00080D RLA    _exit                     000825 RLA    
joy_libref                000825 RLA    _raster_wait              000840 RLA    
_wait_vblank              000854 RLA    _SwitchScreen             00087B RLA    
_WriteBit                 000916 RLA    _clearBit                 000968 RLA    
_ReadBit                  000984 RLA    _create                   0009F9 RLA    
_delete_pos               000A8F RLA    _CountRoster              000B66 RLA    
_getPlayerChar            000BA7 RLA    _AddParty                 000BFC RLA    
_RemoveParty              000CBC RLA    _CountParty               000D82 RLA    
_getPartyMember           000DC3 RLA    _main                     000F44 RLA    
__BSS_SIZE__              00110B REA    _DrawAddCharacterScreen   001FA3 RLA    
_Update_Combat            002061 RLA    _Update_Credits           00218C RLA    
_LoadMap                  0042F7 RLA    _MapUpdate                004300 RLA    
_Update_Title             0043A8 RLA    _PlaySID                  004485 RLA    
_StopSID                  00448B RLA    _DiskLoad                 004528 RLA    
_MoveScreenDown           0045ED RLA    _SetChar                  004671 RLA    
_SetCharC                 0046DE RLA    _ClearScreen              00479C RLA    
_CopyDoubleBuffer         0048B8 RLA    _CopyDoubleBufferArea     0048E8 RLA    
_ReverseBufferArea        004A19 RLA    _SelectVICBanks           004B4A RLA    
_SetTileOrigin            004D5F RLA    _DrawTileFast             004D94 RLA    
_PrintString              005185 RLA    _DrawLineH                005225 RLA    
_DrawBorder               0052A5 RLA    _InitializeInput          0054D2 RLA    
_UpdateInput              0054D9 RLA    _InputChanged             00551F RLA    
_InputUp                  005533 RLA    _InputDown                005540 RLA    
_InputLeft                00554D RLA    _InputRight               00555A RLA    
_InputFire                005567 RLA    _DrawMessageWindow        005574 RLA    
_BlankMessageWindow       00567F RLA    _WriteLineMessageWindow   005782 RLA    
_DrawCharStats            005AD7 RLA    _SIDSTOP                  005C9E RLA    
_SIDINIT                  005CA9 RLA    _SIDPLAY                  005CB1 RLA    
__directerrno             005CE1 RLA    __printf                  005DDE RLA    
__seterrno                006090 RLA    tosaddax                  00609B RLA    
addysp                    0060B6 RLA    shlax2                    0060C3 RLA    
aslax3                    0060CE RLA    shlax3                    0060CE RLA    
aslax4                    0060DC RLA    shlax4                    0060DC RLA    
axlong                    0060ED RLA    axulong                   0060F3 RLA    
_bordercolor              0060FA RLA    _cbm_k_close              006102 RLA    
_cbm_k_load               006106 RLA    _cbm_k_open               006123 RLA    
_cbm_k_save               00612C RLA    _cbm_k_setlfs             006142 RLA    
_cbm_k_setnam             006150 RLA    callmain                  006163 RLA    
_bgcolor                  006182 RLA    donelib                   00618A RLA    
ctypemaskdirect           00619A RLA    decsp1                    0061B4 RLA    
decsp2                    0061BD RLA    decsp3                    0061CA RLA    
decsp4                    0061D7 RLA    decsp5                    0061E4 RLA    
decsp6                    0061F1 RLA    decsp8                    0061FE RLA    
_free                     00620B RLA    tosicmp0                  0063DE RLA    
tosicmp                   0063E0 RLA    incsp1                    00640C RLA    
popax                     006413 RLA    incsp2                    00641B RLA    
incsp3                    006429 RLA    incsp4                    00642E RLA    
incsp5                    006433 RLA    incsp6                    006438 RLA    
incsp7                    00643D RLA    incsp8                    006442 RLA    
_joy_install              006447 RLA    ldaxysp                   006496 RLA    
negeax                    00649D RLA    pusheax                   0064C4 RLA    
_ltoa                     0064F4 RLA    _ultoa                    006535 RLA    
_malloc                   006571 RLA    _memcpy                   00667F RLA    
tosmoda0                  0066BB RLA    tosmula0                  0066CC RLA    
tosumula0                 0066CC RLA    mulax3                    006706 RLA    
mulax9                    006717 RLA    negax                     006732 RLA    
popa                      006740 RLA    popptr1                   00674C RLA    
push1                     00675A RLA    pusha                     006763 RLA    
push0                     006775 RLA    pusha0                    006777 RLA    
pushax                    006779 RLA    pushw0sp                  00678F RLA    
pushwysp                  006791 RLA    _rand                     0067AB RLA    
_srand                    0067CD RLA    popsargsudiv16            0067DC RLA    
aslaxy                    006803 RLA    _sprintf                  00682F RLA    
staspidx                  00685A RLA    stax0sp                   006870 RLA    
staxysp                   006872 RLA    staxspidx                 00687B RLA    
_strlen                   006896 RLA    _strlower                 0068AC RLA    
subysp                    0068D3 RLA    udiv16                    0068F1 RLA    
tosumoda0                 00692F RLA    vsnprintf                 006943 RLA    
_vsprintf                 006A1A RLA    zerobss                   006A2C RLA    
__hextab                  007441 RLA    __longminstr              007451 RLA    
__ctype                   00745D RLA    __ctypeidx                007468 RLA    
__DESTRUCTOR_TABLE__      0074EC RLA    _RaceDescription          0074EC RLA    
_ClassDescription         007530 RLA    _AbilityModifier          007574 RLA    
_randseed                 00759C RLA    _AttributeSet             00771A RLA    
_ScreenCharBuffer         00781A RLA    _ScreenColorBuffer        00781C RLA    
_YColumnIndex             007820 RLA    _Messages                 00785E RLA    
__heapptr                 007C67 RLA    __heapend                 007C69 RLA    
__heapfirst               007C6B RLA    __heaplast                007C6D RLA    
joy_read                  007CA4 RLA    _joy_read                 007CA4 REA    
_c64_stdjoy_joy           007CB3 RLA    _joy_static_stddrv        007CB3 RLA    
__BSS_RUN__               007CDD RLA    __ONCE_RUN__              007CDD RLA    
initheap                  007CDD  LAI   _str                      007CE3 RLA    
initlib                   007CED RLA    __CONSTRUCTOR_TABLE__     007D13 RLA    
_CharRam                  008C30 RLA    _ScreenChars              008C32 RLA    
__oserror                 008DB7 RLA    __errno                   008DE3 RLA    
__MAIN_SIZE__             00B7F3 REA    __HIMEM__                 00D000 REA    
SETLFS                    00FFBA RLA    SETNAM                    00FFBD RLA    
OPEN                      00FFC0 RLA    CLOSE                     00FFC3 RLA    
BSOUT                     00FFD2 RLA    LOAD                      00FFD5 RLA    
SAVE                      00FFD8 RLA    


Imports list:
-------------
BSOUT (kernal.o):
    crt0.o                    c64/crt0.s(10)
CLOSE (kernal.o):
    c_close.o                 cbm/cbm.inc(36)
LOAD (kernal.o):
    c_load.o                  cbm/cbm.inc(37)
OPEN (kernal.o):
    c_open.o                  cbm/cbm.inc(35)
SAVE (kernal.o):
    c_save.o                  cbm/cbm.inc(38)
SETLFS (kernal.o):
    c_setlfs.o                cbm/cbm.inc(33)
SETNAM (kernal.o):
    c_setnam.o                cbm/cbm.inc(34)
ST (status.o):
    crt0.o                    c64/crt0.s(13)
_AbilityModifier (BFRPG.o):
    Screen_AddCharacter.o     src/Screen_AddCharacter.s(18)
_AddParty (Lists.o):
    Screen_AddCharacter.o     src/Screen_AddCharacter.s(23)
_AttributeSet (System_CharacterSets.o):
    System_MessageWindow.o    src/System_MessageWindow.s(16)
    System_Graphics.o         src/System_Graphics.s(21)
    Screen_Map.o              src/Screen_Map.s(21)
_BlankMessageWindow (System_MessageWindow.o):
    Screen_Map.o              src/Screen_Map.s(17)
_CharRam (System_Graphics.o):
    System_CharacterSets.o    src/System_CharacterSets.s(14)
    Screen_Map.o              src/Screen_Map.s(22)
    MapDemo.o                 src/MapDemo.s(15)
_ClassDescription (BFRPG.o):
    System_MessageWindow.o    src/System_MessageWindow.s(19)
    Screen_AddCharacter.o     src/Screen_AddCharacter.s(17)
_ClearScreen (System_Graphics.o):
    Screen_Credits.o          src/Screen_Credits.s(14)
    Screen_Combat.o           src/Screen_Combat.s(15)
    Screen_AddCharacter.o     src/Screen_AddCharacter.s(28)
    MapDemo.o                 src/MapDemo.s(16)
    Common.o                  src/Common.s(29)
_CopyDoubleBuffer (System_Graphics.o):
    System_MessageWindow.o    src/System_MessageWindow.s(24)
    Screen_AddCharacter.o     src/Screen_AddCharacter.s(29)
_CopyDoubleBufferArea (System_Graphics.o):
    System_MessageWindow.o    src/System_MessageWindow.s(25)
    Screen_Map.o              src/Screen_Map.s(24)
_CountParty (Lists.o):
    System_MessageWindow.o    src/System_MessageWindow.s(20)
    Screen_Combat.o           src/Screen_Combat.s(14)
    Screen_AddCharacter.o     src/Screen_AddCharacter.s(25)
_CountRoster (Lists.o):
    Screen_AddCharacter.o     src/Screen_AddCharacter.s(21)
_DiskLoad (System_FileIO.o):
    MapDemo.o                 src/MapDemo.s(18)
_DrawAddCharacterScreen (Screen_AddCharacter.o):
    Common.o                  src/Common.s(27)
_DrawBorder (System_Graphics.o):
    System_MessageWindow.o    src/System_MessageWindow.s(28)
    Screen_Title.o            src/Screen_Title.s(14)
    Screen_Map.o              src/Screen_Map.s(25)
    Screen_Combat.o           src/Screen_Combat.s(19)
    Screen_AddCharacter.o     src/Screen_AddCharacter.s(32)
_DrawCharStats (System_MessageWindow.o):
    Screen_Map.o              src/Screen_Map.s(20)
_DrawLineH (System_Graphics.o):
    Screen_AddCharacter.o     src/Screen_AddCharacter.s(31)
_DrawMessageWindow (System_MessageWindow.o):
    Screen_Map.o              src/Screen_Map.s(16)
_DrawTileFast (System_Graphics.o):
    Screen_Combat.o           src/Screen_Combat.s(17)
_InitializeInput (System_Input.o):
    MapDemo.o                 src/MapDemo.s(19)
_InputChanged (System_Input.o):
    Screen_Title.o            src/Screen_Title.s(16)
    Screen_Credits.o          src/Screen_Credits.s(19)
    Screen_Combat.o           src/Screen_Combat.s(21)
    Screen_AddCharacter.o     src/Screen_AddCharacter.s(34)
_InputDown (System_Input.o):
    Screen_Map.o              src/Screen_Map.s(31)
    Screen_AddCharacter.o     src/Screen_AddCharacter.s(36)
_InputFire (System_Input.o):
    Screen_Title.o            src/Screen_Title.s(17)
    Screen_Map.o              src/Screen_Map.s(34)
    Screen_Credits.o          src/Screen_Credits.s(20)
    Screen_Combat.o           src/Screen_Combat.s(22)
    Screen_AddCharacter.o     src/Screen_AddCharacter.s(39)
_InputLeft (System_Input.o):
    Screen_Map.o              src/Screen_Map.s(32)
    Screen_AddCharacter.o     src/Screen_AddCharacter.s(37)
_InputRight (System_Input.o):
    Screen_Map.o              src/Screen_Map.s(33)
    Screen_AddCharacter.o     src/Screen_AddCharacter.s(38)
_InputUp (System_Input.o):
    Screen_Map.o              src/Screen_Map.s(30)
    Screen_AddCharacter.o     src/Screen_AddCharacter.s(35)
_LoadMap (Screen_Map.o):
    MapDemo.o                 src/MapDemo.s(22)
_MapUpdate (Screen_Map.o):
    Common.o                  src/Common.s(26)
_Messages (System_MessageWindow.o):
    Screen_Map.o              src/Screen_Map.s(19)
_MoveScreenDown (System_Graphics.o):
    Screen_Credits.o          src/Screen_Credits.s(13)
_PlaySID (System_Audio.o):
    Screen_Credits.o          src/Screen_Credits.s(16)
_PrintString (System_Graphics.o):
    System_MessageWindow.o    src/System_MessageWindow.s(27)
    Screen_Title.o            src/Screen_Title.s(13)
    Screen_Credits.o          src/Screen_Credits.s(15)
    Screen_Combat.o           src/Screen_Combat.s(18)
    Screen_AddCharacter.o     src/Screen_AddCharacter.s(30)
_RaceDescription (BFRPG.o):
    System_MessageWindow.o    src/System_MessageWindow.s(18)
    Screen_AddCharacter.o     src/Screen_AddCharacter.s(16)
_ReadBit (Common.o):
    System_Graphics.o         src/System_Graphics.s(18)
    Screen_Map.o              src/Screen_Map.s(15)
_RemoveParty (Lists.o):
    Screen_AddCharacter.o     src/Screen_AddCharacter.s(24)
_ReverseBufferArea (System_Graphics.o):
    System_MessageWindow.o    src/System_MessageWindow.s(26)
_SIDINIT (SIDPlayerASM.o):
    System_Audio.o            src/System_Audio.s(15)
_SIDPLAY (SIDPlayerASM.o):
    System_Audio.o            src/System_Audio.s(16)
_SIDSTOP (SIDPlayerASM.o):
    System_Audio.o            src/System_Audio.s(17)
_ScreenCharBuffer (System_Graphics.o):
    Screen_Map.o              src/Screen_Map.s(27)
_ScreenChars (System_Graphics.o):
    System_MessageWindow.o    src/System_MessageWindow.s(22)
_ScreenColorBuffer (System_Graphics.o):
    Screen_Map.o              src/Screen_Map.s(28)
_SelectVICBanks (System_Graphics.o):
    MapDemo.o                 src/MapDemo.s(17)
_SetChar (System_Graphics.o):
    Screen_Map.o              src/Screen_Map.s(23)
    Screen_AddCharacter.o     src/Screen_AddCharacter.s(27)
_SetCharC (System_Graphics.o):
    System_MessageWindow.o    src/System_MessageWindow.s(23)
_SetTileOrigin (System_Graphics.o):
    Screen_Combat.o           src/Screen_Combat.s(16)
_StopSID (System_Audio.o):
    Screen_Credits.o          src/Screen_Credits.s(17)
_SwitchScreen (Common.o):
    Screen_Map.o              src/Screen_Map.s(14)
    MapDemo.o                 src/MapDemo.s(14)
_UpdateInput (System_Input.o):
    Screen_Title.o            src/Screen_Title.s(15)
    Screen_Map.o              src/Screen_Map.s(29)
    Screen_Credits.o          src/Screen_Credits.s(18)
    Screen_Combat.o           src/Screen_Combat.s(20)
    Screen_AddCharacter.o     src/Screen_AddCharacter.s(33)
    Common.o                  src/Common.s(30)
_Update_Combat (Screen_Combat.o):
    Common.o                  src/Common.s(28)
_Update_Credits (Screen_Credits.o):
    Common.o                  src/Common.s(25)
_Update_Title (Screen_Title.o):
    Common.o                  src/Common.s(24)
_WriteBit (Common.o):
    System_Graphics.o         src/System_Graphics.s(16)
_WriteLineMessageWindow (System_MessageWindow.o):
    Screen_Map.o              src/Screen_Map.s(18)
    Screen_AddCharacter.o     src/Screen_AddCharacter.s(15)
    Lists.o                   src/Lists.s(17)
_YColumnIndex (System_Graphics.o):
    Screen_Map.o              src/Screen_Map.s(26)
__BSS_RUN__ ([linker generated]):
    _heap.o                   common/_heap.s(8)
    zerobss.o                 common/zerobss.s(8)
__BSS_SIZE__ ([linker generated]):
    _heap.o                   common/_heap.s(8)
    zerobss.o                 common/zerobss.s(8)
__CONSTRUCTOR_COUNT__ ([linker generated]):
    condes.o                  runtime/condes.s(18)
__CONSTRUCTOR_TABLE__ ([linker generated]):
    condes.o                  runtime/condes.s(18)
__DESTRUCTOR_COUNT__ ([linker generated]):
    condes.o                  runtime/condes.s(19)
__DESTRUCTOR_TABLE__ ([linker generated]):
    condes.o                  runtime/condes.s(19)
__EXEHDR__ (exehdr.o):
    [linker generated]        c64_1.cfg(6)
__HEADER_LAST__ ([linker generated]):
    [linker generated]        c64_1.cfg(14)
    [linker generated]        c64_1.cfg(14)
__HIMEM__ ([linker generated]):
    [linker generated]        c64_1.cfg(15)
    [linker generated]        c64_1.cfg(14)
__LOADADDR__ (loadaddr.o):
    [linker generated]        c64_1.cfg(5)
__MAIN_SIZE__ ([linker generated]):
    crt0.o                    c64/crt0.s(11)
__MAIN_START__ ([linker generated]):
    crt0.o                    c64/crt0.s(11)
__ONCE_RUN__ ([linker generated]):
    [linker generated]        c64_1.cfg(15)
    [linker generated]        c64_1.cfg(15)
__STACKSIZE__ ([linker generated]):
    _heap.o                   common/_heap.s(8)
    [linker generated]        c64_1.cfg(15)
__STARTUP__ (crt0.o):
    MapDemo.o                 src/MapDemo.s(13)
__ctype (ctype.o):
    ctypemask.o               common/ctypemask.s(23)
__ctypeidx (ctype.o):
    ctypemask.o               common/ctypemask.s(24)
__directerrno (_directerrno.o):
    vsnprintf.o               Z:/UserProfiles/EmpathicQubit/empathicqubit-chocolatey/cc65-compiler/build/cc65-2.19/asminc/errno.inc(10)
__errno (errno.o):
    _seterrno.o               Z:/UserProfiles/EmpathicQubit/empathicqubit-chocolatey/cc65-compiler/build/cc65-2.19/asminc/errno.inc(7)
__heapend (_heap.o):
    malloc.o                  Z:/UserProfiles/EmpathicQubit/empathicqubit-chocolatey/cc65-compiler/build/cc65-2.19/asminc/_heap.inc(33)
__heapfirst (_heap.o):
    malloc.o                  Z:/UserProfiles/EmpathicQubit/empathicqubit-chocolatey/cc65-compiler/build/cc65-2.19/asminc/_heap.inc(34)
    free.o                    Z:/UserProfiles/EmpathicQubit/empathicqubit-chocolatey/cc65-compiler/build/cc65-2.19/asminc/_heap.inc(34)
__heaplast (_heap.o):
    malloc.o                  Z:/UserProfiles/EmpathicQubit/empathicqubit-chocolatey/cc65-compiler/build/cc65-2.19/asminc/_heap.inc(35)
    free.o                    Z:/UserProfiles/EmpathicQubit/empathicqubit-chocolatey/cc65-compiler/build/cc65-2.19/asminc/_heap.inc(35)
__heapptr (_heap.o):
    malloc.o                  Z:/UserProfiles/EmpathicQubit/empathicqubit-chocolatey/cc65-compiler/build/cc65-2.19/asminc/_heap.inc(32)
    free.o                    Z:/UserProfiles/EmpathicQubit/empathicqubit-chocolatey/cc65-compiler/build/cc65-2.19/asminc/_heap.inc(32)
__hextab (_hextab.o):
    ltoa.o                    common/ltoa.s(10)
__longminstr (_longminstr.o):
    ltoa.o                    common/ltoa.s(10)
__oserror (_oserror.o):
    _directerrno.o            Z:/UserProfiles/EmpathicQubit/empathicqubit-chocolatey/cc65-compiler/build/cc65-2.19/asminc/errno.inc(7)
    c_load.o                  cbm/c_load.s(10)
__printf (_printf.o):
    vsnprintf.o               common/vsnprintf.s(10)
__seterrno (_seterrno.o):
    _directerrno.o            Z:/UserProfiles/EmpathicQubit/empathicqubit-chocolatey/cc65-compiler/build/cc65-2.19/asminc/errno.inc(9)
_bgcolor (color.o):
    System_Graphics.o         src/System_Graphics.s(19)
    MapDemo.o                 src/MapDemo.s(20)
_bordercolor (bordercolor.o):
    System_Graphics.o         src/System_Graphics.s(20)
    MapDemo.o                 src/MapDemo.s(21)
_c64_stdjoy_joy (c64-stdjoy-joy.o):
    joy_stat_stddrv.o         c64/joy_stat_stddrv.s(10)
_cbm_k_close (c_close.o):
    System_FileIO.o           src/System_FileIO.s(13)
_cbm_k_load (c_load.o):
    System_FileIO.o           src/System_FileIO.s(14)
_cbm_k_open (c_open.o):
    System_FileIO.o           src/System_FileIO.s(15)
_cbm_k_save (c_save.o):
    System_FileIO.o           src/System_FileIO.s(16)
_cbm_k_setlfs (c_setlfs.o):
    System_FileIO.o           src/System_FileIO.s(17)
_cbm_k_setnam (c_setnam.o):
    System_FileIO.o           src/System_FileIO.s(18)
_clearBit (Common.o):
    System_Graphics.o         src/System_Graphics.s(17)
_create (Lists.o):
    Screen_AddCharacter.o     src/Screen_AddCharacter.s(19)
_delete_pos (Lists.o):
    Screen_AddCharacter.o     src/Screen_AddCharacter.s(20)
_exit (crt0.o):
    libref.o                  c64/libref.s(11)
    Lists.o                   src/Lists.s(15)
_free (free.o):
    Lists.o                   src/Lists.s(14)
_getPartyMember (Lists.o):
    System_MessageWindow.o    src/System_MessageWindow.s(21)
    Screen_AddCharacter.o     src/Screen_AddCharacter.s(26)
_getPlayerChar (Lists.o):
    Screen_AddCharacter.o     src/Screen_AddCharacter.s(22)
_joy_install (joy-kernel.o):
    System_Input.o            src/System_Input.s(15)
_joy_read (joy_read.o):
    System_Input.o            src/System_Input.s(16)
_joy_static_stddrv (joy_stat_stddrv.o):
    System_Input.o            src/System_Input.s(14)
_ltoa (ltoa.o):
    _printf.o                 common/_printf.s(12)
_main (MapDemo.o):
    callmain.o                runtime/callmain.s(11)
_malloc (malloc.o):
    Lists.o                   src/Lists.s(13)
_memcpy (memcpy.o):
    vsnprintf.o               common/vsnprintf.s(10)
    System_MessageWindow.o    src/System_MessageWindow.s(13)
    System_Graphics.o         src/System_Graphics.s(13)
    System_CharacterSets.o    src/System_CharacterSets.s(13)
    Screen_Map.o              src/Screen_Map.s(13)
    Lists.o                   src/Lists.s(16)
_rand (rand.o):
    Screen_AddCharacter.o     src/Screen_AddCharacter.s(41)
_randseed (Common.o):
    System_Input.o            src/System_Input.s(13)
    Screen_AddCharacter.o     src/Screen_AddCharacter.s(14)
_raster_wait (Common.o):
    System_Graphics.o         src/System_Graphics.s(14)
_sprintf (sprintf.o):
    System_MessageWindow.o    src/System_MessageWindow.s(17)
    System_FileIO.o           src/System_FileIO.s(19)
    Screen_AddCharacter.o     src/Screen_AddCharacter.s(40)
_srand (rand.o):
    Screen_AddCharacter.o     src/Screen_AddCharacter.s(42)
_str (Common.o):
    System_MessageWindow.o    src/System_MessageWindow.s(14)
    Screen_AddCharacter.o     src/Screen_AddCharacter.s(13)
_strlen (strlen.o):
    _printf.o                 common/_printf.s(13)
_strlower (strlower.o):
    _printf.o                 common/_printf.s(13)
_ultoa (ltoa.o):
    _printf.o                 common/_printf.s(12)
_vsprintf (vsprintf.o):
    sprintf.o                 common/sprintf.s(8)
_wait_vblank (Common.o):
    System_MusicPlayer.o      src/System_MusicPlayer.s(13)
    System_MessageWindow.o    src/System_MessageWindow.s(15)
    System_Graphics.o         src/System_Graphics.s(15)
    Screen_Combat.o           src/Screen_Combat.s(13)
addysp (addysp.o):
    sprintf.o                 common/sprintf.s(8)
    incsp8.o                  runtime/incsp8.s(8)
    incsp7.o                  runtime/incsp7.s(8)
    incsp6.o                  runtime/incsp6.s(8)
    incsp5.o                  runtime/incsp5.s(8)
    incsp4.o                  runtime/incsp4.s(8)
    incsp3.o                  runtime/incsp3.s(8)
    System_Graphics.o         src/System_Graphics.s(2297)
    System_FileIO.o           src/System_FileIO.s(141)
aslax3 (aslax3.o):
    Screen_Map.o              src/Screen_Map.s(4744)
    Screen_Map.o              src/Screen_Map.s(4744)
    Screen_Map.o              src/Screen_Map.s(4744)
aslax4 (aslax4.o):
    System_Graphics.o         src/System_Graphics.s(2297)
    Screen_Map.o              src/Screen_Map.s(4744)
    Screen_Map.o              src/Screen_Map.s(4744)
    Screen_Map.o              src/Screen_Map.s(4744)
    Screen_Map.o              src/Screen_Map.s(4744)
    Screen_Map.o              src/Screen_Map.s(4744)
    Screen_AddCharacter.o     src/Screen_AddCharacter.s(2369)
    Screen_AddCharacter.o     src/Screen_AddCharacter.s(2369)
    Screen_AddCharacter.o     src/Screen_AddCharacter.s(2369)
    Screen_AddCharacter.o     src/Screen_AddCharacter.s(2369)
aslaxy (shl.o):
    Common.o                  src/Common.s(386)
axlong (axlong.o):
    _printf.o                 common/_printf.s(11)
axulong (axlong.o):
    _printf.o                 common/_printf.s(11)
callmain (callmain.o):
    crt0.o                    c64/crt0.s(9)
ctypemaskdirect (ctypemask.o):
    strlower.o                common/strlower.s(14)
decsp1 (decsp1.o):
    System_MessageWindow.o    src/System_MessageWindow.s(856)
    System_Graphics.o         src/System_Graphics.s(2297)
    System_Graphics.o         src/System_Graphics.s(2297)
    Screen_Combat.o           src/Screen_Combat.s(224)
    Screen_Combat.o           src/Screen_Combat.s(224)
    Screen_AddCharacter.o     src/Screen_AddCharacter.s(2369)
    Screen_AddCharacter.o     src/Screen_AddCharacter.s(2369)
    Screen_AddCharacter.o     src/Screen_AddCharacter.s(2369)
    Screen_AddCharacter.o     src/Screen_AddCharacter.s(2369)
    Screen_AddCharacter.o     src/Screen_AddCharacter.s(2369)
decsp2 (decsp2.o):
    System_Graphics.o         src/System_Graphics.s(2297)
    System_Graphics.o         src/System_Graphics.s(2297)
    System_Graphics.o         src/System_Graphics.s(2297)
    System_FileIO.o           src/System_FileIO.s(141)
    System_FileIO.o           src/System_FileIO.s(141)
    Screen_Map.o              src/Screen_Map.s(4744)
    Screen_Map.o              src/Screen_Map.s(4744)
    Screen_Map.o              src/Screen_Map.s(4744)
    Screen_Map.o              src/Screen_Map.s(4744)
    Screen_Map.o              src/Screen_Map.s(4744)
    Screen_Map.o              src/Screen_Map.s(4744)
    Screen_AddCharacter.o     src/Screen_AddCharacter.s(2369)
    Screen_AddCharacter.o     src/Screen_AddCharacter.s(2369)
    Screen_AddCharacter.o     src/Screen_AddCharacter.s(2369)
    Screen_AddCharacter.o     src/Screen_AddCharacter.s(2369)
    Screen_AddCharacter.o     src/Screen_AddCharacter.s(2369)
    MapDemo.o                 src/MapDemo.s(98)
decsp3 (decsp3.o):
    System_MessageWindow.o    src/System_MessageWindow.s(856)
    System_MessageWindow.o    src/System_MessageWindow.s(856)
    System_MessageWindow.o    src/System_MessageWindow.s(856)
    System_Graphics.o         src/System_Graphics.s(2297)
    System_Graphics.o         src/System_Graphics.s(2297)
    System_Graphics.o         src/System_Graphics.s(2297)
    System_Graphics.o         src/System_Graphics.s(2297)
    System_Graphics.o         src/System_Graphics.s(2297)
    Screen_Map.o              src/Screen_Map.s(4744)
    Screen_Combat.o           src/Screen_Combat.s(224)
    Screen_Combat.o           src/Screen_Combat.s(224)
decsp4 (decsp4.o):
    lpush.o                   runtime/lpush.s(12)
    sprintf.o                 common/sprintf.s(8)
    System_MessageWindow.o    src/System_MessageWindow.s(856)
    System_Graphics.o         src/System_Graphics.s(2297)
    Screen_AddCharacter.o     src/Screen_AddCharacter.s(2369)
    Screen_AddCharacter.o     src/Screen_AddCharacter.s(2369)
    Screen_AddCharacter.o     src/Screen_AddCharacter.s(2369)
    Screen_AddCharacter.o     src/Screen_AddCharacter.s(2369)
    Screen_AddCharacter.o     src/Screen_AddCharacter.s(2369)
    Screen_AddCharacter.o     src/Screen_AddCharacter.s(2369)
    Screen_AddCharacter.o     src/Screen_AddCharacter.s(2369)
    Lists.o                   src/Lists.s(779)
decsp5 (decsp5.o):
    System_Graphics.o         src/System_Graphics.s(2297)
decsp6 (decsp6.o):
    _printf.o                 common/_printf.s(11)
    System_MessageWindow.o    src/System_MessageWindow.s(856)
    System_MessageWindow.o    src/System_MessageWindow.s(856)
    System_MessageWindow.o    src/System_MessageWindow.s(856)
    Screen_Title.o            src/Screen_Title.s(154)
    Screen_Map.o              src/Screen_Map.s(4744)
    Screen_Map.o              src/Screen_Map.s(4744)
    Screen_Credits.o          src/Screen_Credits.s(236)
    Screen_Combat.o           src/Screen_Combat.s(224)
    Screen_AddCharacter.o     src/Screen_AddCharacter.s(2369)
    Screen_AddCharacter.o     src/Screen_AddCharacter.s(2369)
    Screen_AddCharacter.o     src/Screen_AddCharacter.s(2369)
    Lists.o                   src/Lists.s(779)
    Lists.o                   src/Lists.s(779)
    Lists.o                   src/Lists.s(779)
    Lists.o                   src/Lists.s(779)
decsp8 (decsp8.o):
    System_Graphics.o         src/System_Graphics.s(2297)
donelib (condes.o):
    crt0.o                    c64/crt0.s(8)
incsp1 (incsp1.o):
    System_MusicPlayer.o      src/System_MusicPlayer.s(2134)
    System_MessageWindow.o    src/System_MessageWindow.s(856)
    System_MessageWindow.o    src/System_MessageWindow.s(856)
    System_Graphics.o         src/System_Graphics.s(2297)
    System_Graphics.o         src/System_Graphics.s(2297)
    Screen_Map.o              src/Screen_Map.s(4744)
    Screen_Map.o              src/Screen_Map.s(4744)
    Screen_Map.o              src/Screen_Map.s(4744)
    Screen_Map.o              src/Screen_Map.s(4744)
    Screen_Combat.o           src/Screen_Combat.s(224)
    Screen_AddCharacter.o     src/Screen_AddCharacter.s(2369)
    Common.o                  src/Common.s(386)
    Common.o                  src/Common.s(386)
incsp2 (incsp2.o):
    vsnprintf.o               common/vsnprintf.s(9)
    staxspi.o                 runtime/staxspi.s(9)
    staspidx.o                runtime/staspidx.s(8)
    popptr1.o                 runtime/popptr1.s(8)
    System_MusicPlayer.o      src/System_MusicPlayer.s(2134)
    System_MusicPlayer.o      src/System_MusicPlayer.s(2134)
    System_Graphics.o         src/System_Graphics.s(2297)
    System_Graphics.o         src/System_Graphics.s(2297)
    System_Graphics.o         src/System_Graphics.s(2297)
    System_Graphics.o         src/System_Graphics.s(2297)
    Screen_Map.o              src/Screen_Map.s(4744)
    Screen_Map.o              src/Screen_Map.s(4744)
    Screen_Map.o              src/Screen_Map.s(4744)
    Screen_Map.o              src/Screen_Map.s(4744)
    Screen_Map.o              src/Screen_Map.s(4744)
    Screen_Map.o              src/Screen_Map.s(4744)
    Screen_Map.o              src/Screen_Map.s(4744)
    Screen_Map.o              src/Screen_Map.s(4744)
    Screen_Combat.o           src/Screen_Combat.s(224)
    Screen_AddCharacter.o     src/Screen_AddCharacter.s(2369)
    Screen_AddCharacter.o     src/Screen_AddCharacter.s(2369)
    Screen_AddCharacter.o     src/Screen_AddCharacter.s(2369)
    Screen_AddCharacter.o     src/Screen_AddCharacter.s(2369)
    Common.o                  src/Common.s(386)
    Common.o                  src/Common.s(386)
    Common.o                  src/Common.s(386)
    Common.o                  src/Common.s(386)
    Common.o                  src/Common.s(386)
incsp3 (incsp3.o):
    System_MessageWindow.o    src/System_MessageWindow.s(856)
    System_Graphics.o         src/System_Graphics.s(2297)
    System_Graphics.o         src/System_Graphics.s(2297)
    Screen_Map.o              src/Screen_Map.s(4744)
    Screen_Map.o              src/Screen_Map.s(4744)
    Lists.o                   src/Lists.s(779)
    Lists.o                   src/Lists.s(779)
    Common.o                  src/Common.s(386)
incsp4 (incsp4.o):
    System_Graphics.o         src/System_Graphics.s(2297)
    System_Graphics.o         src/System_Graphics.s(2297)
    System_Graphics.o         src/System_Graphics.s(2297)
    System_Graphics.o         src/System_Graphics.s(2297)
    System_Graphics.o         src/System_Graphics.s(2297)
    System_FileIO.o           src/System_FileIO.s(141)
    Screen_Title.o            src/Screen_Title.s(154)
    Screen_Map.o              src/Screen_Map.s(4744)
    Screen_Map.o              src/Screen_Map.s(4744)
    Screen_Combat.o           src/Screen_Combat.s(224)
    Screen_AddCharacter.o     src/Screen_AddCharacter.s(2369)
    Screen_AddCharacter.o     src/Screen_AddCharacter.s(2369)
    Lists.o                   src/Lists.s(779)
    Lists.o                   src/Lists.s(779)
    Lists.o                   src/Lists.s(779)
incsp5 (incsp5.o):
    System_MessageWindow.o    src/System_MessageWindow.s(856)
    System_Graphics.o         src/System_Graphics.s(2297)
    System_Graphics.o         src/System_Graphics.s(2297)
    System_Graphics.o         src/System_Graphics.s(2297)
    Screen_Credits.o          src/Screen_Credits.s(236)
    Common.o                  src/Common.s(386)
incsp6 (incsp6.o):
    vsnprintf.o               common/vsnprintf.s(9)
    System_Graphics.o         src/System_Graphics.s(2297)
    Screen_AddCharacter.o     src/Screen_AddCharacter.s(2369)
incsp7 (incsp7.o):
    Screen_AddCharacter.o     src/Screen_AddCharacter.s(2369)
    Lists.o                   src/Lists.s(779)
    Lists.o                   src/Lists.s(779)
    Lists.o                   src/Lists.s(779)
    Lists.o                   src/Lists.s(779)
incsp8 (incsp8.o):
    System_Graphics.o         src/System_Graphics.s(2297)
    Screen_Map.o              src/Screen_Map.s(4744)
initlib (condes.o):
    crt0.o                    c64/crt0.s(8)
joy_libref (libref.o):
    joy-kernel.o              joystick/joy-kernel.s(7)
joy_read (joy-kernel.o):
    joy_read.o                Z:/UserProfiles/EmpathicQubit/empathicqubit-chocolatey/cc65-compiler/build/cc65-2.19/asminc/joy-kernel.inc(71)
ldaxysp (ldaxsp.o):
    vsnprintf.o               common/vsnprintf.s(9)
mulax3 (mulax3.o):
    System_MessageWindow.o    src/System_MessageWindow.s(856)
mulax9 (mulax9.o):
    Screen_Map.o              src/Screen_Map.s(4744)
    Screen_Map.o              src/Screen_Map.s(4744)
    Screen_Map.o              src/Screen_Map.s(4744)
negax (negabs.o):
    shelp.o                   runtime/shelp.s(11)
    mod.o                     runtime/mod.s(11)
negeax (lneg.o):
    ltoa.o                    common/ltoa.s(9)
popa (popa.o):
    c_setlfs.o                cbm/c_setlfs.s(12)
    c_load.o                  cbm/c_load.s(11)
popax (incsp2.o):
    ltoa.o                    common/ltoa.s(9)
    _printf.o                 common/_printf.s(11)
    vsnprintf.o               common/vsnprintf.s(9)
    shl.o                     runtime/shl.s(15)
    shelp.o                   runtime/shelp.s(11)
    memcpy.o                  common/memcpy.s(14)
popptr1 (popptr1.o):
    ltoa.o                    common/ltoa.s(9)
    umod.o                    runtime/umod.s(8)
    udiv.o                    runtime/udiv.s(9)
    mul8.o                    runtime/mul8.s(9)
    memcpy.o                  common/memcpy.s(14)
    c_save.o                  cbm/c_save.s(10)
popsargsudiv16 (shelp.o):
    mod.o                     runtime/mod.s(11)
ptr1 (zeropage.o):
    strlower.o                common/strlower.s(13)
    ltoa.o                    common/ltoa.s(11)
    _printf.o                 Z:/UserProfiles/EmpathicQubit/empathicqubit-chocolatey/cc65-compiler/build/cc65-2.19/asminc/zeropage.inc(12)
    vsnprintf.o               common/vsnprintf.s(11)
    zerobss.o                 common/zerobss.s(9)
    udiv.o                    runtime/udiv.s(10)
    staxspi.o                 runtime/staxspi.s(10)
    staspidx.o                runtime/staspidx.s(9)
    sprintf.o                 common/sprintf.s(9)
    shelp.o                   runtime/shelp.s(12)
    popptr1.o                 runtime/popptr1.s(9)
    mulax9.o                  runtime/mulax9.s(10)
    mulax3.o                  runtime/mulax3.s(9)
    mul8.o                    runtime/mul8.s(10)
    memcpy.o                  common/memcpy.s(15)
    malloc.o                  common/malloc.s(108)
    joy-kernel.o              joystick/joy-kernel.s(8)
    free.o                    common/free.s(62)
    c_setnam.o                cbm/c_setnam.s(10)
    c_save.o                  cbm/c_save.s(11)
    c_load.o                  cbm/c_load.s(12)
    System_MessageWindow.o    src/System_MessageWindow.s(11)
    System_Graphics.o         src/System_Graphics.s(11)
    Screen_Map.o              src/Screen_Map.s(11)
    Screen_AddCharacter.o     src/Screen_AddCharacter.s(11)
    Lists.o                   src/Lists.s(11)
    Common.o                  src/Common.s(11)
ptr2 (zeropage.o):
    strlower.o                common/strlower.s(13)
    strlen.o                  common/strlen.s(12)
    ltoa.o                    common/ltoa.s(11)
    _printf.o                 Z:/UserProfiles/EmpathicQubit/empathicqubit-chocolatey/cc65-compiler/build/cc65-2.19/asminc/zeropage.inc(12)
    memcpy.o                  common/memcpy.s(15)
    malloc.o                  common/malloc.s(108)
    free.o                    common/free.s(62)
ptr3 (zeropage.o):
    ltoa.o                    common/ltoa.s(11)
    memcpy.o                  common/memcpy.s(15)
    malloc.o                  common/malloc.s(108)
    free.o                    common/free.s(62)
ptr4 (zeropage.o):
    umod.o                    runtime/umod.s(9)
    udiv.o                    runtime/udiv.s(10)
    shelp.o                   runtime/shelp.s(12)
    mul8.o                    runtime/mul8.s(10)
    free.o                    common/free.s(62)
push0 (pushax.o):
    Screen_Title.o            src/Screen_Title.s(154)
    Screen_Map.o              src/Screen_Map.s(4744)
    Screen_Credits.o          src/Screen_Credits.s(236)
    Screen_Combat.o           src/Screen_Combat.s(224)
    Screen_AddCharacter.o     src/Screen_AddCharacter.s(2369)
push1 (push1.o):
    _printf.o                 common/_printf.s(11)
pusha (pusha.o):
    System_MusicPlayer.o      src/System_MusicPlayer.s(2134)
    System_MessageWindow.o    src/System_MessageWindow.s(856)
    System_MessageWindow.o    src/System_MessageWindow.s(856)
    System_MessageWindow.o    src/System_MessageWindow.s(856)
    System_Graphics.o         src/System_Graphics.s(2297)
    System_Graphics.o         src/System_Graphics.s(2297)
    System_Graphics.o         src/System_Graphics.s(2297)
    System_Graphics.o         src/System_Graphics.s(2297)
    System_Graphics.o         src/System_Graphics.s(2297)
    System_Graphics.o         src/System_Graphics.s(2297)
    System_Graphics.o         src/System_Graphics.s(2297)
    System_Graphics.o         src/System_Graphics.s(2297)
    System_Graphics.o         src/System_Graphics.s(2297)
    System_Graphics.o         src/System_Graphics.s(2297)
    System_Graphics.o         src/System_Graphics.s(2297)
    System_Graphics.o         src/System_Graphics.s(2297)
    System_Graphics.o         src/System_Graphics.s(2297)
    System_Graphics.o         src/System_Graphics.s(2297)
    System_Graphics.o         src/System_Graphics.s(2297)
    System_Graphics.o         src/System_Graphics.s(2297)
    System_FileIO.o           src/System_FileIO.s(141)
    Screen_Map.o              src/Screen_Map.s(4744)
    Screen_Map.o              src/Screen_Map.s(4744)
    Screen_Map.o              src/Screen_Map.s(4744)
    Screen_Map.o              src/Screen_Map.s(4744)
    Screen_Map.o              src/Screen_Map.s(4744)
    Screen_Map.o              src/Screen_Map.s(4744)
    Screen_Map.o              src/Screen_Map.s(4744)
    Screen_Map.o              src/Screen_Map.s(4744)
    Screen_Map.o              src/Screen_Map.s(4744)
    Screen_Map.o              src/Screen_Map.s(4744)
    Screen_Credits.o          src/Screen_Credits.s(236)
    Screen_Combat.o           src/Screen_Combat.s(224)
    Screen_AddCharacter.o     src/Screen_AddCharacter.s(2369)
    Screen_AddCharacter.o     src/Screen_AddCharacter.s(2369)
    Screen_AddCharacter.o     src/Screen_AddCharacter.s(2369)
    Screen_AddCharacter.o     src/Screen_AddCharacter.s(2369)
    Screen_AddCharacter.o     src/Screen_AddCharacter.s(2369)
    Lists.o                   src/Lists.s(779)
    Lists.o                   src/Lists.s(779)
    Lists.o                   src/Lists.s(779)
    Lists.o                   src/Lists.s(779)
    Lists.o                   src/Lists.s(779)
    Lists.o                   src/Lists.s(779)
    Lists.o                   src/Lists.s(779)
    Lists.o                   src/Lists.s(779)
    Common.o                  src/Common.s(386)
    Common.o                  src/Common.s(386)
    Common.o                  src/Common.s(386)
    Common.o                  src/Common.s(386)
    Common.o                  src/Common.s(386)
    Common.o                  src/Common.s(386)
    Common.o                  src/Common.s(386)
pusha0 (pushax.o):
    push1.o                   runtime/push1.s(8)
    System_MessageWindow.o    src/System_MessageWindow.s(856)
    System_MessageWindow.o    src/System_MessageWindow.s(856)
    System_MessageWindow.o    src/System_MessageWindow.s(856)
    System_Graphics.o         src/System_Graphics.s(2297)
    System_Graphics.o         src/System_Graphics.s(2297)
    System_Graphics.o         src/System_Graphics.s(2297)
    Screen_Title.o            src/Screen_Title.s(154)
    Screen_Map.o              src/Screen_Map.s(4744)
    Screen_Map.o              src/Screen_Map.s(4744)
    Screen_Map.o              src/Screen_Map.s(4744)
    Screen_Map.o              src/Screen_Map.s(4744)
    Screen_Map.o              src/Screen_Map.s(4744)
    Screen_Map.o              src/Screen_Map.s(4744)
    Screen_Map.o              src/Screen_Map.s(4744)
    Screen_Map.o              src/Screen_Map.s(4744)
    Screen_Map.o              src/Screen_Map.s(4744)
    Screen_Map.o              src/Screen_Map.s(4744)
    Screen_Map.o              src/Screen_Map.s(4744)
    Screen_Map.o              src/Screen_Map.s(4744)
    Screen_Credits.o          src/Screen_Credits.s(236)
    Screen_Combat.o           src/Screen_Combat.s(224)
    Screen_Combat.o           src/Screen_Combat.s(224)
    Screen_AddCharacter.o     src/Screen_AddCharacter.s(2369)
    Screen_AddCharacter.o     src/Screen_AddCharacter.s(2369)
    Screen_AddCharacter.o     src/Screen_AddCharacter.s(2369)
    Screen_AddCharacter.o     src/Screen_AddCharacter.s(2369)
    Screen_AddCharacter.o     src/Screen_AddCharacter.s(2369)
pushax (pushax.o):
    _printf.o                 common/_printf.s(11)
    callmain.o                runtime/callmain.s(11)
    System_MusicPlayer.o      src/System_MusicPlayer.s(2134)
    System_MusicPlayer.o      src/System_MusicPlayer.s(2134)
    System_MessageWindow.o    src/System_MessageWindow.s(856)
    System_MessageWindow.o    src/System_MessageWindow.s(856)
    System_MessageWindow.o    src/System_MessageWindow.s(856)
    System_Graphics.o         src/System_Graphics.s(2297)
    System_Graphics.o         src/System_Graphics.s(2297)
    System_Graphics.o         src/System_Graphics.s(2297)
    System_Graphics.o         src/System_Graphics.s(2297)
    System_Graphics.o         src/System_Graphics.s(2297)
    System_Graphics.o         src/System_Graphics.s(2297)
    System_Graphics.o         src/System_Graphics.s(2297)
    System_Graphics.o         src/System_Graphics.s(2297)
    System_Graphics.o         src/System_Graphics.s(2297)
    System_Graphics.o         src/System_Graphics.s(2297)
    System_Graphics.o         src/System_Graphics.s(2297)
    System_Graphics.o         src/System_Graphics.s(2297)
    System_FileIO.o           src/System_FileIO.s(141)
    System_FileIO.o           src/System_FileIO.s(141)
    System_CharacterSets.o    src/System_CharacterSets.s(298)
    Screen_Map.o              src/Screen_Map.s(4744)
    Screen_Map.o              src/Screen_Map.s(4744)
    Screen_Map.o              src/Screen_Map.s(4744)
    Screen_Map.o              src/Screen_Map.s(4744)
    Screen_Map.o              src/Screen_Map.s(4744)
    Screen_Map.o              src/Screen_Map.s(4744)
    Screen_Map.o              src/Screen_Map.s(4744)
    Screen_Map.o              src/Screen_Map.s(4744)
    Screen_Map.o              src/Screen_Map.s(4744)
    Screen_Map.o              src/Screen_Map.s(4744)
    Screen_Map.o              src/Screen_Map.s(4744)
    Screen_Map.o              src/Screen_Map.s(4744)
    Screen_Map.o              src/Screen_Map.s(4744)
    Screen_Map.o              src/Screen_Map.s(4744)
    Screen_Map.o              src/Screen_Map.s(4744)
    Screen_Map.o              src/Screen_Map.s(4744)
    Screen_AddCharacter.o     src/Screen_AddCharacter.s(2369)
    Screen_AddCharacter.o     src/Screen_AddCharacter.s(2369)
    Screen_AddCharacter.o     src/Screen_AddCharacter.s(2369)
    Screen_AddCharacter.o     src/Screen_AddCharacter.s(2369)
    Screen_AddCharacter.o     src/Screen_AddCharacter.s(2369)
    Screen_AddCharacter.o     src/Screen_AddCharacter.s(2369)
    Screen_AddCharacter.o     src/Screen_AddCharacter.s(2369)
    Screen_AddCharacter.o     src/Screen_AddCharacter.s(2369)
    Screen_AddCharacter.o     src/Screen_AddCharacter.s(2369)
    Screen_AddCharacter.o     src/Screen_AddCharacter.s(2369)
    Screen_AddCharacter.o     src/Screen_AddCharacter.s(2369)
    MapDemo.o                 src/MapDemo.s(98)
    Lists.o                   src/Lists.s(779)
    Lists.o                   src/Lists.s(779)
    Lists.o                   src/Lists.s(779)
    Lists.o                   src/Lists.s(779)
    Lists.o                   src/Lists.s(779)
    Lists.o                   src/Lists.s(779)
    Common.o                  src/Common.s(386)
    Common.o                  src/Common.s(386)
pusheax (lpush.o):
    _printf.o                 common/_printf.s(11)
pushw0sp (pushwsp.o):
    vsprintf.o                common/vsprintf.s(8)
    Screen_AddCharacter.o     src/Screen_AddCharacter.s(2369)
pushwysp (pushwsp.o):
    System_FileIO.o           src/System_FileIO.s(141)
    Screen_AddCharacter.o     src/Screen_AddCharacter.s(2369)
    Lists.o                   src/Lists.s(779)
    Lists.o                   src/Lists.s(779)
    Lists.o                   src/Lists.s(779)
    Lists.o                   src/Lists.s(779)
regbank (zeropage.o):
    _printf.o                 Z:/UserProfiles/EmpathicQubit/empathicqubit-chocolatey/cc65-compiler/build/cc65-2.19/asminc/zeropage.inc(14)
regsave (zeropage.o):
    System_MusicPlayer.o      src/System_MusicPlayer.s(10)
shlax2 (aslax2.o):
    System_Graphics.o         src/System_Graphics.s(2297)
shlax3 (aslax3.o):
    System_Graphics.o         src/System_Graphics.s(2297)
    System_Graphics.o         src/System_Graphics.s(2297)
shlax4 (aslax4.o):
    System_Graphics.o         src/System_Graphics.s(2297)
    Screen_Map.o              src/Screen_Map.s(4744)
sp (zeropage.o):
    lpush.o                   runtime/lpush.s(13)
    ldaxsp.o                  runtime/ldaxsp.s(8)
    _printf.o                 Z:/UserProfiles/EmpathicQubit/empathicqubit-chocolatey/cc65-compiler/build/cc65-2.19/asminc/zeropage.inc(11)
    vsnprintf.o               common/vsnprintf.s(11)
    _heap.o                   common/_heap.s(9)
    subysp.o                  runtime/subysp.s(9)
    staxspi.o                 runtime/staxspi.s(10)
    staxsp.o                  runtime/staxsp.s(8)
    staspidx.o                runtime/staspidx.s(9)
    sprintf.o                 common/sprintf.s(9)
    pushwsp.o                 runtime/pushwsp.s(8)
    pushax.o                  runtime/pushax.s(8)
    pusha.o                   runtime/pusha.s(8)
    popptr1.o                 runtime/popptr1.s(9)
    popa.o                    runtime/popa.s(8)
    memcpy.o                  common/memcpy.s(15)
    incsp2.o                  runtime/incsp2.s(8)
    incsp1.o                  runtime/incsp1.s(8)
    icmp.o                    runtime/icmp.s(9)
    decsp8.o                  runtime/decsp8.s(8)
    decsp6.o                  runtime/decsp6.s(8)
    decsp5.o                  runtime/decsp5.s(8)
    decsp4.o                  runtime/decsp4.s(8)
    decsp3.o                  runtime/decsp3.s(8)
    decsp2.o                  runtime/decsp2.s(8)
    decsp1.o                  runtime/decsp1.s(8)
    crt0.o                    Z:/UserProfiles/EmpathicQubit/empathicqubit-chocolatey/cc65-compiler/build/cc65-2.19/asminc/zeropage.inc(11)
    addysp.o                  runtime/addysp.s(8)
    add.o                     runtime/add.s(12)
    System_MusicPlayer.o      src/System_MusicPlayer.s(10)
    System_MessageWindow.o    src/System_MessageWindow.s(10)
    System_Graphics.o         src/System_Graphics.s(10)
    System_FileIO.o           src/System_FileIO.s(10)
    Screen_Title.o            src/Screen_Title.s(10)
    Screen_Map.o              src/Screen_Map.s(10)
    Screen_Credits.o          src/Screen_Credits.s(10)
    Screen_Combat.o           src/Screen_Combat.s(10)
    Screen_AddCharacter.o     src/Screen_AddCharacter.s(10)
    MapDemo.o                 src/MapDemo.s(10)
    Lists.o                   src/Lists.s(10)
    Common.o                  src/Common.s(10)
sreg (zeropage.o):
    lneg.o                    runtime/lneg.s(11)
    ltoa.o                    common/ltoa.s(11)
    lpush.o                   runtime/lpush.s(13)
    axlong.o                  runtime/axlong.s(9)
    _printf.o                 Z:/UserProfiles/EmpathicQubit/empathicqubit-chocolatey/cc65-compiler/build/cc65-2.19/asminc/zeropage.inc(11)
    umod.o                    runtime/umod.s(9)
    udiv.o                    runtime/udiv.s(10)
    mod.o                     runtime/mod.s(12)
    icmp.o                    runtime/icmp.s(9)
    System_MessageWindow.o    src/System_MessageWindow.s(10)
    System_Graphics.o         src/System_Graphics.s(10)
    Screen_Map.o              src/Screen_Map.s(10)
    Common.o                  src/Common.s(10)
staspidx (staspidx.o):
    System_MessageWindow.o    src/System_MessageWindow.s(856)
    System_Graphics.o         src/System_Graphics.s(2297)
    System_Graphics.o         src/System_Graphics.s(2297)
    System_Graphics.o         src/System_Graphics.s(2297)
    Screen_Map.o              src/Screen_Map.s(4744)
    Screen_AddCharacter.o     src/Screen_AddCharacter.s(2369)
stax0sp (staxsp.o):
    Screen_AddCharacter.o     src/Screen_AddCharacter.s(2369)
    Screen_AddCharacter.o     src/Screen_AddCharacter.s(2369)
    Screen_AddCharacter.o     src/Screen_AddCharacter.s(2369)
    Lists.o                   src/Lists.s(779)
    Lists.o                   src/Lists.s(779)
    Lists.o                   src/Lists.s(779)
    Lists.o                   src/Lists.s(779)
    Lists.o                   src/Lists.s(779)
    Lists.o                   src/Lists.s(779)
    Lists.o                   src/Lists.s(779)
staxspidx (staxspi.o):
    Screen_Map.o              src/Screen_Map.s(4744)
    Screen_Map.o              src/Screen_Map.s(4744)
    Screen_Map.o              src/Screen_Map.s(4744)
    Screen_Map.o              src/Screen_Map.s(4744)
    Lists.o                   src/Lists.s(779)
    Lists.o                   src/Lists.s(779)
staxysp (staxsp.o):
    vsprintf.o                common/vsprintf.s(8)
    Screen_AddCharacter.o     src/Screen_AddCharacter.s(2369)
    Lists.o                   src/Lists.s(779)
    Lists.o                   src/Lists.s(779)
    Lists.o                   src/Lists.s(779)
    Lists.o                   src/Lists.s(779)
    Lists.o                   src/Lists.s(779)
    Lists.o                   src/Lists.s(779)
    Lists.o                   src/Lists.s(779)
    Common.o                  src/Common.s(386)
subysp (subysp.o):
    System_FileIO.o           src/System_FileIO.s(141)
tmp1 (zeropage.o):
    ltoa.o                    common/ltoa.s(11)
    _printf.o                 Z:/UserProfiles/EmpathicQubit/empathicqubit-chocolatey/cc65-compiler/build/cc65-2.19/asminc/zeropage.inc(13)
    staxspi.o                 runtime/staxspi.s(10)
    staspidx.o                runtime/staspidx.s(9)
    shl.o                     runtime/shl.s(16)
    shelp.o                   runtime/shelp.s(12)
    mod.o                     runtime/mod.s(12)
    c_setlfs.o                cbm/c_setlfs.s(13)
    c_save.o                  cbm/c_save.s(11)
    aslax4.o                  runtime/aslax4.s(8)
    aslax3.o                  runtime/aslax3.s(8)
    aslax2.o                  runtime/aslax2.s(8)
    add.o                     runtime/add.s(12)
    System_Input.o            src/System_Input.s(11)
    Screen_Title.o            src/Screen_Title.s(11)
    Screen_Map.o              src/Screen_Map.s(11)
    Screen_Credits.o          src/Screen_Credits.s(11)
    Screen_Combat.o           src/Screen_Combat.s(11)
    Screen_AddCharacter.o     src/Screen_AddCharacter.s(11)
tmp2 (zeropage.o):
    shelp.o                   runtime/shelp.s(12)
tosaddax (add.o):
    System_MessageWindow.o    src/System_MessageWindow.s(856)
    System_Graphics.o         src/System_Graphics.s(2297)
    System_Graphics.o         src/System_Graphics.s(2297)
    Screen_Map.o              src/Screen_Map.s(4744)
    Screen_Map.o              src/Screen_Map.s(4744)
    Screen_AddCharacter.o     src/Screen_AddCharacter.s(2369)
    Screen_AddCharacter.o     src/Screen_AddCharacter.s(2369)
tosicmp (icmp.o):
    System_MessageWindow.o    src/System_MessageWindow.s(856)
    System_Graphics.o         src/System_Graphics.s(2297)
    Screen_Combat.o           src/Screen_Combat.s(224)
    Screen_AddCharacter.o     src/Screen_AddCharacter.s(2369)
    Screen_AddCharacter.o     src/Screen_AddCharacter.s(2369)
    Screen_AddCharacter.o     src/Screen_AddCharacter.s(2369)
tosicmp0 (icmp.o):
    Screen_AddCharacter.o     src/Screen_AddCharacter.s(2369)
tosmoda0 (mod.o):
    Screen_Map.o              src/Screen_Map.s(4744)
    Screen_Map.o              src/Screen_Map.s(4744)
tosmula0 (mul8.o):
    System_MessageWindow.o    src/System_MessageWindow.s(856)
    Screen_Map.o              src/Screen_Map.s(4744)
    Screen_Map.o              src/Screen_Map.s(4744)
    Screen_Map.o              src/Screen_Map.s(4744)
    Screen_Map.o              src/Screen_Map.s(4744)
    Screen_Map.o              src/Screen_Map.s(4744)
    Screen_Map.o              src/Screen_Map.s(4744)
    Screen_Map.o              src/Screen_Map.s(4744)
    Screen_Map.o              src/Screen_Map.s(4744)
    Screen_Map.o              src/Screen_Map.s(4744)
    Screen_Map.o              src/Screen_Map.s(4744)
    Screen_Map.o              src/Screen_Map.s(4744)
    Screen_Map.o              src/Screen_Map.s(4744)
    Screen_Credits.o          src/Screen_Credits.s(236)
    Screen_AddCharacter.o     src/Screen_AddCharacter.s(2369)
    Screen_AddCharacter.o     src/Screen_AddCharacter.s(2369)
tosumoda0 (umod.o):
    System_Graphics.o         src/System_Graphics.s(2297)
    System_Graphics.o         src/System_Graphics.s(2297)
    Screen_Credits.o          src/Screen_Credits.s(236)
    Screen_AddCharacter.o     src/Screen_AddCharacter.s(2369)
tosumula0 (mul8.o):
    System_MessageWindow.o    src/System_MessageWindow.s(856)
    Screen_Map.o              src/Screen_Map.s(4744)
    Screen_Map.o              src/Screen_Map.s(4744)
udiv16 (udiv.o):
    umod.o                    runtime/umod.s(8)
    shelp.o                   runtime/shelp.s(11)
vsnprintf (vsnprintf.o):
    vsprintf.o                common/vsprintf.s(9)
zerobss (zerobss.o):
    crt0.o                    c64/crt0.s(9)

