Modules list:
-------------
BFRPG.o:
    BSS               Offs=000000  Size=000006  Align=00001  Fill=0000
    DATA              Offs=000000  Size=0000B0  Align=00001  Fill=0000
Common.o:
    CODE              Offs=000000  Size=0001BD  Align=00001  Fill=0000
    BSS               Offs=000006  Size=000010  Align=00001  Fill=0000
    DATA              Offs=0000B0  Size=000003  Align=00001  Fill=0000
Lists.o:
    CODE              Offs=0001BD  Size=000500  Align=00001  Fill=0000
    RODATA            Offs=000000  Size=000015  Align=00001  Fill=0000
    DATA              Offs=0000B3  Size=000004  Align=00001  Fill=0000
MapDemo.o:
    CODE              Offs=0006BD  Size=00005D  Align=00001  Fill=0000
    RODATA            Offs=000015  Size=00001A  Align=00001  Fill=0000
Screen_AddCharacter.o:
    CODE              Offs=00071A  Size=000F56  Align=00001  Fill=0000
    RODATA            Offs=00002F  Size=0001D6  Align=00001  Fill=0000
    BSS               Offs=000016  Size=00008E  Align=00001  Fill=0000
    DATA              Offs=0000B7  Size=00000A  Align=00001  Fill=0000
Screen_Combat.o:
    CODE              Offs=001670  Size=00010F  Align=00001  Fill=0000
    RODATA            Offs=000205  Size=000009  Align=00001  Fill=0000
    DATA              Offs=0000C1  Size=000001  Align=00001  Fill=0000
Screen_Credits.o:
    CODE              Offs=00177F  Size=0000EF  Align=00001  Fill=0000
    RODATA            Offs=00020E  Size=000002  Align=00001  Fill=0000
    BSS               Offs=0000A4  Size=000005  Align=00001  Fill=0000
    DATA              Offs=0000C2  Size=000118  Align=00001  Fill=0000
Screen_Map.o:
    CODE              Offs=00186E  Size=0021BD  Align=00001  Fill=0000
    RODATA            Offs=000210  Size=00000C  Align=00001  Fill=0000
    BSS               Offs=0000A9  Size=000E84  Align=00001  Fill=0000
    DATA              Offs=0001DA  Size=00004F  Align=00001  Fill=0000
Screen_Title.o:
    CODE              Offs=003A2B  Size=0000B2  Align=00001  Fill=0000
    RODATA            Offs=00021C  Size=00001B  Align=00001  Fill=0000
System_Audio.o:
    CODE              Offs=003ADD  Size=000017  Align=00001  Fill=0000
System_CharacterSets.o:
    CODE              Offs=003AF4  Size=000015  Align=00001  Fill=0000
    DATA              Offs=000229  Size=000100  Align=00001  Fill=0000
System_FileIO.o:
    CODE              Offs=003B09  Size=0000B2  Align=00001  Fill=0000
    RODATA            Offs=000237  Size=000006  Align=00001  Fill=0000
System_Graphics.o:
    CODE              Offs=003BBB  Size=000F2B  Align=00001  Fill=0000
    BSS               Offs=000F2D  Size=00002C  Align=00001  Fill=0000
    DATA              Offs=000329  Size=00003D  Align=00001  Fill=0000
System_Input.o:
    CODE              Offs=004AE6  Size=000097  Align=00001  Fill=0000
    BSS               Offs=000F59  Size=000001  Align=00001  Fill=0000
    DATA              Offs=000366  Size=000003  Align=00001  Fill=0000
System_MessageWindow.o:
    CODE              Offs=004B7D  Size=000553  Align=00001  Fill=0000
    RODATA            Offs=00023D  Size=00000E  Align=00001  Fill=0000
    BSS               Offs=000F5A  Size=00015A  Align=00001  Fill=0000
    DATA              Offs=000369  Size=000402  Align=00001  Fill=0000
System_MusicPlayer.o:
    CODE              Offs=0050D0  Size=000190  Align=00001  Fill=0000
    RODATA            Offs=00024B  Size=000775  Align=00001  Fill=0000
    DATA              Offs=00076B  Size=000006  Align=00001  Fill=0000
CharacterSetASM.o:
SIDPlayerASM.o:
    CODE              Offs=005260  Size=000043  Align=00001  Fill=0000
c:\Users\sean\.vscode\extensions\entan-gl.cc65-vice-6.3.2\dist\cc65/lib/c64.lib(_directerrno.o):
    CODE              Offs=0052A3  Size=00000A  Align=00001  Fill=0000
c:\Users\sean\.vscode\extensions\entan-gl.cc65-vice-6.3.2\dist\cc65/lib/c64.lib(_heap.o):
    DATA              Offs=000771  Size=00000A  Align=00001  Fill=0000
    ONCE              Offs=000000  Size=000010  Align=00001  Fill=0000
c:\Users\sean\.vscode\extensions\entan-gl.cc65-vice-6.3.2\dist\cc65/lib/c64.lib(_hextab.o):
    RODATA            Offs=0009C0  Size=000010  Align=00001  Fill=0000
c:\Users\sean\.vscode\extensions\entan-gl.cc65-vice-6.3.2\dist\cc65/lib/c64.lib(_longminstr.o):
    RODATA            Offs=0009D0  Size=00000C  Align=00001  Fill=0000
c:\Users\sean\.vscode\extensions\entan-gl.cc65-vice-6.3.2\dist\cc65/lib/c64.lib(_oserror.o):
    BSS               Offs=0010B4  Size=000001  Align=00001  Fill=0000
c:\Users\sean\.vscode\extensions\entan-gl.cc65-vice-6.3.2\dist\cc65/lib/c64.lib(_printf.o):
    CODE              Offs=0052AD  Size=0003A5  Align=00001  Fill=0000
    BSS               Offs=0010B5  Size=00002B  Align=00001  Fill=0000
    DATA              Offs=00077B  Size=000003  Align=00001  Fill=0000
c:\Users\sean\.vscode\extensions\entan-gl.cc65-vice-6.3.2\dist\cc65/lib/c64.lib(_seterrno.o):
    CODE              Offs=005652  Size=000009  Align=00001  Fill=0000
c:\Users\sean\.vscode\extensions\entan-gl.cc65-vice-6.3.2\dist\cc65/lib/c64.lib(add.o):
    CODE              Offs=00565B  Size=00001C  Align=00001  Fill=0000
c:\Users\sean\.vscode\extensions\entan-gl.cc65-vice-6.3.2\dist\cc65/lib/c64.lib(addeqsp.o):
    CODE              Offs=005677  Size=000011  Align=00001  Fill=0000
c:\Users\sean\.vscode\extensions\entan-gl.cc65-vice-6.3.2\dist\cc65/lib/c64.lib(addysp.o):
    CODE              Offs=005688  Size=00000E  Align=00001  Fill=0000
c:\Users\sean\.vscode\extensions\entan-gl.cc65-vice-6.3.2\dist\cc65/lib/c64.lib(aslax2.o):
    CODE              Offs=005696  Size=00000B  Align=00001  Fill=0000
c:\Users\sean\.vscode\extensions\entan-gl.cc65-vice-6.3.2\dist\cc65/lib/c64.lib(aslax3.o):
    CODE              Offs=0056A1  Size=00000E  Align=00001  Fill=0000
c:\Users\sean\.vscode\extensions\entan-gl.cc65-vice-6.3.2\dist\cc65/lib/c64.lib(aslax4.o):
    CODE              Offs=0056AF  Size=000011  Align=00001  Fill=0000
c:\Users\sean\.vscode\extensions\entan-gl.cc65-vice-6.3.2\dist\cc65/lib/c64.lib(axlong.o):
    CODE              Offs=0056C0  Size=00000D  Align=00001  Fill=0000
c:\Users\sean\.vscode\extensions\entan-gl.cc65-vice-6.3.2\dist\cc65/lib/c64.lib(bordercolor.o):
    CODE              Offs=0056CD  Size=000008  Align=00001  Fill=0000
c:\Users\sean\.vscode\extensions\entan-gl.cc65-vice-6.3.2\dist\cc65/lib/c64.lib(c_close.o):
    CODE              Offs=0056D5  Size=000004  Align=00001  Fill=0000
c:\Users\sean\.vscode\extensions\entan-gl.cc65-vice-6.3.2\dist\cc65/lib/c64.lib(c_load.o):
    CODE              Offs=0056D9  Size=00001D  Align=00001  Fill=0000
c:\Users\sean\.vscode\extensions\entan-gl.cc65-vice-6.3.2\dist\cc65/lib/c64.lib(c_open.o):
    CODE              Offs=0056F6  Size=000009  Align=00001  Fill=0000
c:\Users\sean\.vscode\extensions\entan-gl.cc65-vice-6.3.2\dist\cc65/lib/c64.lib(c_save.o):
    CODE              Offs=0056FF  Size=000016  Align=00001  Fill=0000
c:\Users\sean\.vscode\extensions\entan-gl.cc65-vice-6.3.2\dist\cc65/lib/c64.lib(c_setlfs.o):
    CODE              Offs=005715  Size=00000E  Align=00001  Fill=0000
c:\Users\sean\.vscode\extensions\entan-gl.cc65-vice-6.3.2\dist\cc65/lib/c64.lib(c_setnam.o):
    CODE              Offs=005723  Size=000013  Align=00001  Fill=0000
c:\Users\sean\.vscode\extensions\entan-gl.cc65-vice-6.3.2\dist\cc65/lib/c64.lib(callmain.o):
    CODE              Offs=005736  Size=000017  Align=00001  Fill=0000
    DATA              Offs=00077E  Size=000004  Align=00001  Fill=0000
c:\Users\sean\.vscode\extensions\entan-gl.cc65-vice-6.3.2\dist\cc65/lib/c64.lib(color.o):
    CODE              Offs=00574D  Size=000010  Align=00001  Fill=0000
c:\Users\sean\.vscode\extensions\entan-gl.cc65-vice-6.3.2\dist\cc65/lib/c64.lib(condes.o):
    CODE              Offs=00575D  Size=00000C  Align=00001  Fill=0000
    DATA              Offs=000782  Size=000025  Align=00001  Fill=0000
    ONCE              Offs=000010  Size=00000C  Align=00001  Fill=0000
c:\Users\sean\.vscode\extensions\entan-gl.cc65-vice-6.3.2\dist\cc65/lib/c64.lib(crt0.o):
    STARTUP           Offs=000000  Size=000033  Align=00001  Fill=0000
    ONCE              Offs=00001C  Size=00001A  Align=00001  Fill=0000
    INIT              Offs=000000  Size=00001C  Align=00001  Fill=0000
c:\Users\sean\.vscode\extensions\entan-gl.cc65-vice-6.3.2\dist\cc65/lib/c64.lib(ctype.o):
    RODATA            Offs=0009DC  Size=00008B  Align=00001  Fill=0000
c:\Users\sean\.vscode\extensions\entan-gl.cc65-vice-6.3.2\dist\cc65/lib/c64.lib(ctypemask.o):
    CODE              Offs=005769  Size=00001E  Align=00001  Fill=0000
c:\Users\sean\.vscode\extensions\entan-gl.cc65-vice-6.3.2\dist\cc65/lib/c64.lib(decsp1.o):
    CODE              Offs=005787  Size=000009  Align=00001  Fill=0000
c:\Users\sean\.vscode\extensions\entan-gl.cc65-vice-6.3.2\dist\cc65/lib/c64.lib(decsp2.o):
    CODE              Offs=005790  Size=00000D  Align=00001  Fill=0000
c:\Users\sean\.vscode\extensions\entan-gl.cc65-vice-6.3.2\dist\cc65/lib/c64.lib(decsp3.o):
    CODE              Offs=00579D  Size=00000D  Align=00001  Fill=0000
c:\Users\sean\.vscode\extensions\entan-gl.cc65-vice-6.3.2\dist\cc65/lib/c64.lib(decsp4.o):
    CODE              Offs=0057AA  Size=00000D  Align=00001  Fill=0000
c:\Users\sean\.vscode\extensions\entan-gl.cc65-vice-6.3.2\dist\cc65/lib/c64.lib(decsp5.o):
    CODE              Offs=0057B7  Size=00000D  Align=00001  Fill=0000
c:\Users\sean\.vscode\extensions\entan-gl.cc65-vice-6.3.2\dist\cc65/lib/c64.lib(decsp6.o):
    CODE              Offs=0057C4  Size=00000D  Align=00001  Fill=0000
c:\Users\sean\.vscode\extensions\entan-gl.cc65-vice-6.3.2\dist\cc65/lib/c64.lib(decsp7.o):
    CODE              Offs=0057D1  Size=00000D  Align=00001  Fill=0000
c:\Users\sean\.vscode\extensions\entan-gl.cc65-vice-6.3.2\dist\cc65/lib/c64.lib(errno.o):
    BSS               Offs=0010E0  Size=000002  Align=00001  Fill=0000
c:\Users\sean\.vscode\extensions\entan-gl.cc65-vice-6.3.2\dist\cc65/lib/c64.lib(exehdr.o):
    EXEHDR            Offs=000000  Size=00000C  Align=00001  Fill=0000
c:\Users\sean\.vscode\extensions\entan-gl.cc65-vice-6.3.2\dist\cc65/lib/c64.lib(free.o):
    CODE              Offs=0057DE  Size=0001D3  Align=00001  Fill=0000
c:\Users\sean\.vscode\extensions\entan-gl.cc65-vice-6.3.2\dist\cc65/lib/c64.lib(icmp.o):
    CODE              Offs=0059B1  Size=00002E  Align=00001  Fill=0000
c:\Users\sean\.vscode\extensions\entan-gl.cc65-vice-6.3.2\dist\cc65/lib/c64.lib(incsp1.o):
    CODE              Offs=0059DF  Size=000007  Align=00001  Fill=0000
c:\Users\sean\.vscode\extensions\entan-gl.cc65-vice-6.3.2\dist\cc65/lib/c64.lib(incsp2.o):
    CODE              Offs=0059E6  Size=000016  Align=00001  Fill=0000
c:\Users\sean\.vscode\extensions\entan-gl.cc65-vice-6.3.2\dist\cc65/lib/c64.lib(incsp3.o):
    CODE              Offs=0059FC  Size=000005  Align=00001  Fill=0000
c:\Users\sean\.vscode\extensions\entan-gl.cc65-vice-6.3.2\dist\cc65/lib/c64.lib(incsp4.o):
    CODE              Offs=005A01  Size=000005  Align=00001  Fill=0000
c:\Users\sean\.vscode\extensions\entan-gl.cc65-vice-6.3.2\dist\cc65/lib/c64.lib(incsp5.o):
    CODE              Offs=005A06  Size=000005  Align=00001  Fill=0000
c:\Users\sean\.vscode\extensions\entan-gl.cc65-vice-6.3.2\dist\cc65/lib/c64.lib(incsp6.o):
    CODE              Offs=005A0B  Size=000005  Align=00001  Fill=0000
c:\Users\sean\.vscode\extensions\entan-gl.cc65-vice-6.3.2\dist\cc65/lib/c64.lib(incsp7.o):
    CODE              Offs=005A10  Size=000005  Align=00001  Fill=0000
c:\Users\sean\.vscode\extensions\entan-gl.cc65-vice-6.3.2\dist\cc65/lib/c64.lib(joy-kernel.o):
    CODE              Offs=005A15  Size=00004D  Align=00001  Fill=0000
    RODATA            Offs=000A67  Size=000004  Align=00001  Fill=0000
    BSS               Offs=0010E2  Size=000002  Align=00001  Fill=0000
    DATA              Offs=0007A7  Size=00000C  Align=00001  Fill=0000
c:\Users\sean\.vscode\extensions\entan-gl.cc65-vice-6.3.2\dist\cc65/lib/c64.lib(joy_read.o):
c:\Users\sean\.vscode\extensions\entan-gl.cc65-vice-6.3.2\dist\cc65/lib/c64.lib(joy_stat_stddrv.o):
c:\Users\sean\.vscode\extensions\entan-gl.cc65-vice-6.3.2\dist\cc65/lib/c64.lib(kernal.o):
c:\Users\sean\.vscode\extensions\entan-gl.cc65-vice-6.3.2\dist\cc65/lib/c64.lib(ldaxsp.o):
    CODE              Offs=005A62  Size=000009  Align=00001  Fill=0000
c:\Users\sean\.vscode\extensions\entan-gl.cc65-vice-6.3.2\dist\cc65/lib/c64.lib(libref.o):
c:\Users\sean\.vscode\extensions\entan-gl.cc65-vice-6.3.2\dist\cc65/lib/c64.lib(lneg.o):
    CODE              Offs=005A6B  Size=00001E  Align=00001  Fill=0000
c:\Users\sean\.vscode\extensions\entan-gl.cc65-vice-6.3.2\dist\cc65/lib/c64.lib(loadaddr.o):
    LOADADDR          Offs=000000  Size=000002  Align=00001  Fill=0000
c:\Users\sean\.vscode\extensions\entan-gl.cc65-vice-6.3.2\dist\cc65/lib/c64.lib(lpush.o):
    CODE              Offs=005A89  Size=000021  Align=00001  Fill=0000
c:\Users\sean\.vscode\extensions\entan-gl.cc65-vice-6.3.2\dist\cc65/lib/c64.lib(ltoa.o):
    CODE              Offs=005AAA  Size=000095  Align=00001  Fill=0000
c:\Users\sean\.vscode\extensions\entan-gl.cc65-vice-6.3.2\dist\cc65/lib/c64.lib(makebool.o):
    CODE              Offs=005B3F  Size=00002C  Align=00001  Fill=0000
c:\Users\sean\.vscode\extensions\entan-gl.cc65-vice-6.3.2\dist\cc65/lib/c64.lib(malloc.o):
    CODE              Offs=005B6B  Size=00010E  Align=00001  Fill=0000
c:\Users\sean\.vscode\extensions\entan-gl.cc65-vice-6.3.2\dist\cc65/lib/c64.lib(memcpy.o):
    CODE              Offs=005C79  Size=00003C  Align=00001  Fill=0000
c:\Users\sean\.vscode\extensions\entan-gl.cc65-vice-6.3.2\dist\cc65/lib/c64.lib(mod.o):
    CODE              Offs=005CB5  Size=000011  Align=00001  Fill=0000
c:\Users\sean\.vscode\extensions\entan-gl.cc65-vice-6.3.2\dist\cc65/lib/c64.lib(mul8.o):
    CODE              Offs=005CC6  Size=00003A  Align=00001  Fill=0000
c:\Users\sean\.vscode\extensions\entan-gl.cc65-vice-6.3.2\dist\cc65/lib/c64.lib(mulax3.o):
    CODE              Offs=005D00  Size=000011  Align=00001  Fill=0000
c:\Users\sean\.vscode\extensions\entan-gl.cc65-vice-6.3.2\dist\cc65/lib/c64.lib(mulax9.o):
    CODE              Offs=005D11  Size=000017  Align=00001  Fill=0000
c:\Users\sean\.vscode\extensions\entan-gl.cc65-vice-6.3.2\dist\cc65/lib/c64.lib(negabs.o):
    CODE              Offs=005D28  Size=000012  Align=00001  Fill=0000
c:\Users\sean\.vscode\extensions\entan-gl.cc65-vice-6.3.2\dist\cc65/lib/c64.lib(popa.o):
    CODE              Offs=005D3A  Size=00000C  Align=00001  Fill=0000
c:\Users\sean\.vscode\extensions\entan-gl.cc65-vice-6.3.2\dist\cc65/lib/c64.lib(popptr1.o):
    CODE              Offs=005D46  Size=00000E  Align=00001  Fill=0000
c:\Users\sean\.vscode\extensions\entan-gl.cc65-vice-6.3.2\dist\cc65/lib/c64.lib(push1.o):
    CODE              Offs=005D54  Size=000005  Align=00001  Fill=0000
c:\Users\sean\.vscode\extensions\entan-gl.cc65-vice-6.3.2\dist\cc65/lib/c64.lib(pusha.o):
    CODE              Offs=005D59  Size=000016  Align=00001  Fill=0000
c:\Users\sean\.vscode\extensions\entan-gl.cc65-vice-6.3.2\dist\cc65/lib/c64.lib(pushax.o):
    CODE              Offs=005D6F  Size=00001A  Align=00001  Fill=0000
c:\Users\sean\.vscode\extensions\entan-gl.cc65-vice-6.3.2\dist\cc65/lib/c64.lib(pushwsp.o):
    CODE              Offs=005D89  Size=00001C  Align=00001  Fill=0000
c:\Users\sean\.vscode\extensions\entan-gl.cc65-vice-6.3.2\dist\cc65/lib/c64.lib(rand.o):
    CODE              Offs=005DA5  Size=000034  Align=00001  Fill=0000
    DATA              Offs=0007B3  Size=000004  Align=00001  Fill=0000
c:\Users\sean\.vscode\extensions\entan-gl.cc65-vice-6.3.2\dist\cc65/lib/c64.lib(shelp.o):
    CODE              Offs=005DD9  Size=000020  Align=00001  Fill=0000
c:\Users\sean\.vscode\extensions\entan-gl.cc65-vice-6.3.2\dist\cc65/lib/c64.lib(sprintf.o):
    CODE              Offs=005DF9  Size=00002B  Align=00001  Fill=0000
    BSS               Offs=0010E4  Size=000001  Align=00001  Fill=0000
c:\Users\sean\.vscode\extensions\entan-gl.cc65-vice-6.3.2\dist\cc65/lib/c64.lib(staspidx.o):
    CODE              Offs=005E24  Size=000016  Align=00001  Fill=0000
c:\Users\sean\.vscode\extensions\entan-gl.cc65-vice-6.3.2\dist\cc65/lib/c64.lib(status.o):
c:\Users\sean\.vscode\extensions\entan-gl.cc65-vice-6.3.2\dist\cc65/lib/c64.lib(staxsp.o):
    CODE              Offs=005E3A  Size=00000B  Align=00001  Fill=0000
c:\Users\sean\.vscode\extensions\entan-gl.cc65-vice-6.3.2\dist\cc65/lib/c64.lib(staxspi.o):
    CODE              Offs=005E45  Size=00001B  Align=00001  Fill=0000
c:\Users\sean\.vscode\extensions\entan-gl.cc65-vice-6.3.2\dist\cc65/lib/c64.lib(strlen.o):
    CODE              Offs=005E60  Size=000016  Align=00001  Fill=0000
c:\Users\sean\.vscode\extensions\entan-gl.cc65-vice-6.3.2\dist\cc65/lib/c64.lib(strlower.o):
    CODE              Offs=005E76  Size=000027  Align=00001  Fill=0000
c:\Users\sean\.vscode\extensions\entan-gl.cc65-vice-6.3.2\dist\cc65/lib/c64.lib(subysp.o):
    CODE              Offs=005E9D  Size=00000D  Align=00001  Fill=0000
c:\Users\sean\.vscode\extensions\entan-gl.cc65-vice-6.3.2\dist\cc65/lib/c64.lib(udiv.o):
    CODE              Offs=005EAA  Size=00004F  Align=00001  Fill=0000
c:\Users\sean\.vscode\extensions\entan-gl.cc65-vice-6.3.2\dist\cc65/lib/c64.lib(umod.o):
    CODE              Offs=005EF9  Size=000011  Align=00001  Fill=0000
c:\Users\sean\.vscode\extensions\entan-gl.cc65-vice-6.3.2\dist\cc65/lib/c64.lib(vsnprintf.o):
    CODE              Offs=005F0A  Size=0000DA  Align=00001  Fill=0000
    DATA              Offs=0007B7  Size=000008  Align=00001  Fill=0000
c:\Users\sean\.vscode\extensions\entan-gl.cc65-vice-6.3.2\dist\cc65/lib/c64.lib(vsprintf.o):
    CODE              Offs=005FE4  Size=000012  Align=00001  Fill=0000
c:\Users\sean\.vscode\extensions\entan-gl.cc65-vice-6.3.2\dist\cc65/lib/c64.lib(zerobss.o):
    CODE              Offs=005FF6  Size=000023  Align=00001  Fill=0000
c:\Users\sean\.vscode\extensions\entan-gl.cc65-vice-6.3.2\dist\cc65/lib/c64.lib(zeropage.o):
    ZEROPAGE          Offs=000000  Size=00001A  Align=00001  Fill=0000
c:\Users\sean\.vscode\extensions\entan-gl.cc65-vice-6.3.2\dist\cc65/lib/c64.lib(c64-stdjoy-joy.o):
    CODE              Offs=006019  Size=000032  Align=00001  Fill=0000
    DATA              Offs=0007BF  Size=00000E  Align=00001  Fill=0000


Segment list:
-------------
Name                   Start     End    Size  Align
----------------------------------------------------
ZEROPAGE              000002  00001B  00001A  00001
LOADADDR              0007FF  000800  000002  00001
EXEHDR                000801  00080C  00000C  00001
STARTUP               00080D  00083F  000033  00001
CODE                  000840  00688A  00604B  00001
RODATA                00688B  0072F5  000A6B  00001
DATA                  0072F6  007AC2  0007CD  00001
INIT                  007AC3  007ADE  00001C  00001
BSS                   007ADF  008BC3  0010E5  00001
ONCE                  007ADF  007B16  000038  00001


Exports list by name:
---------------------
BSOUT                     00FFD2 RLA    CLOSE                     00FFC3 RLA    
LOAD                      00FFD5 RLA    OPEN                      00FFC0 RLA    
SAVE                      00FFD8 RLA    SETLFS                    00FFBA RLA    
SETNAM                    00FFBD RLA    ST                        000090 RLZ    
_AbilityModifier          00737E RLA    _AddParty                 000C05 RLA    
_AttributeSet             00751F RLA    _BlankMessageWindow       0054BF RLA    
_CharRam                  008A0C RLA    _ClassDescription         00733A RLA    
_ClearScreen              004620 RLA    _CopyDoubleBuffer         004738 RLA    
_CopyDoubleBufferArea     004768 RLA    _CountParty               000D8B RLA    
_CountRoster              000B6F RLA    _DiskLoad                 0043C0 RLA    
_DrawAddCharacterScreen   001E94 RLA    _DrawBorder               005110 RLA    
_DrawCharStats            0058E7 RLA    _DrawLineH                005090 RLA    
_DrawMessageWindow        0053BD RLA    _DrawTileFast             004C1D RLA    
_InitializeInput          005326 RLA    _InputChanged             00536E RLA    
_InputDown                005389 RLA    _InputFire                0053B0 RLA    
_InputLeft                005396 RLA    _InputRight               0053A3 RLA    
_InputUp                  00537C RLA    _LoadMap                  0041D9 RLA    
_MapUpdate                0041E2 RLA    _Messages                 007661 RLA    
_MoveScreenUp             0043FB RLA    _PlaySID                  00431D RLA    
_PrintString              004FF6 RLA    _RaceDescription          0072F6 RLA    
_ReadBit                  00097A RLA    _RemoveParty              000CC5 RLA    
_ReverseBufferArea        004893 RLA    _SIDINIT                  005AAB RLA    
_SIDPLAY                  005AB3 RLA    _SIDSTOP                  005AA0 RLA    
_ScreenCharBuffer         00761F RLA    _ScreenChars              008A0E RLA    
_ScreenColorBuffer        007621 RLA    _SelectVICBanks           0049BE RLA    
_SetChar                  0044FB RLA    _SetCharC                 004563 RLA    
_SetTileOrigin            004BE8 RLA    _StopSID                  004323 RLA    
_SwitchScreen             000876 RLA    _UpdateInput              00532D RLA    
_Update_Combat            001F47 RLA    _Update_Credits           002049 RLA    
_Update_Title             00426B RLA    _WriteBit                 0008F7 RLA    
_WriteLineMessageWindow   0055B1 RLA    _YColumnIndex             007625 RLA    
__BSS_RUN__               007ADF RLA    __BSS_SIZE__              0010E5 REA    
__CONSTRUCTOR_COUNT__     000001 REA    __CONSTRUCTOR_TABLE__     007B15 RLA    
__DESTRUCTOR_COUNT__      000000 REA    __DESTRUCTOR_TABLE__      0072F6 RLA    
__EXEHDR__                000001 REA    __HEADER_LAST__           00080D RLA    
__HIMEM__                 00D000 REA    __LOADADDR__              000001 REA    
__MAIN_SIZE__             00B7F3 REA    __MAIN_START__            00080D RLA    
__ONCE_RUN__              007ADF RLA    __STACKSIZE__             000800 REA    
__STARTUP__               000001 REA    __ctype                   007267 RLA    
__ctypeidx                007272 RLA    __directerrno             005AE3 RLA    
__errno                   008BBF RLA    __heapend                 007A6B RLA    
__heapfirst               007A6D RLA    __heaplast                007A6F RLA    
__heapptr                 007A69 RLA    __hextab                  00724B RLA    
__longminstr              00725B RLA    __oserror                 008B93 RLA    
__printf                  005BE0 RLA    __seterrno                005E92 RLA    
_bgcolor                  005F95 RLA    _bordercolor              005F0D RLA    
_c64_stdjoy_joy           007AB5 RLA    _cbm_k_close              005F15 RLA    
_cbm_k_load               005F19 RLA    _cbm_k_open               005F36 RLA    
_cbm_k_save               005F3F RLA    _cbm_k_setlfs             005F55 RLA    
_cbm_k_setnam             005F63 RLA    _clearBit                 000942 RLA    
_create                   0009FD RLA    _delete_pos               000A93 RLA    
_exit                     000825 RLA    _free                     00601E RLA    
_getPartyMember           000DCC RLA    _getPlayerChar            000BB0 RLA    
_joy_install              006255 RLA    _joy_read                 007AA6 REA    
_joy_static_stddrv        007AB5 RLA    _ltoa                     006302 RLA    
_main                     000F52 RLA    _malloc                   0063AB RLA    
_memcpy                   0064B9 RLA    _rand                     0065F1 RLA    
_randseed                 0073A6 RLA    _raster_wait              000840 RLA    
_sprintf                  006639 RLA    _srand                    0065E5 RLA    
_str                      007AE5 RLA    _strlen                   0066A0 RLA    
_strlower                 0066B6 RLA    _ultoa                    006343 RLA    
_vsprintf                 006824 RLA    _wait_vblank              00084F RLA    
addeqysp                  005EB9 RLA    addysp                    005EC9 RLA    
aslax2                    005ED6 RLA    aslax3                    005EE1 RLA    
aslax4                    005EEF RLA    axlong                    005F00 RLA    
axulong                   005F06 RLA    boolult                   00639E RLA    
callmain                  005F76 RLA    ctypemaskdirect           005FAD RLA    
decsp1                    005FC7 RLA    decsp2                    005FD0 RLA    
decsp3                    005FDD RLA    decsp4                    005FEA RLA    
decsp5                    005FF7 RLA    decsp6                    006004 RLA    
decsp7                    006011 RLA    donelib                   005F9D RLA    
incsp1                    00621F RLA    incsp2                    00622E RLA    
incsp3                    00623C RLA    incsp4                    006241 RLA    
incsp5                    006246 RLA    incsp6                    00624B RLA    
incsp7                    006250 RLA    initheap                  007ADF  LAI   
initlib                   007AEF RLA    joy_libref                000825 RLA    
joy_read                  007AA6 RLA    ldaxysp                   0062A4 RLA    
mulax3                    006540 RLA    mulax9                    006551 RLA    
negax                     00656C RLA    negeax                    0062AB RLA    
popa                      00657A RLA    popax                     006226 RLA    
popptr1                   006586 RLA    popsargsudiv16            006619 RLA    
ptr1                      00000A RLZ    ptr2                      00000C RLZ    
ptr3                      00000E RLZ    ptr4                      000010 RLZ    
push0                     0065AF RLA    push1                     006594 RLA    
pusha                     00659D RLA    pusha0                    0065B1 RLA    
pushax                    0065B3 RLA    pusheax                   0062D2 RLA    
pushw0sp                  0065C9 RLA    pushwysp                  0065CB RLA    
regbank                   000016 RLZ    regsave                   000006 RLZ    
shlax3                    005EE1 RLA    shlax4                    005EEF RLA    
sp                        000002 RLZ    sreg                      000004 RLZ    
staspidx                  006664 RLA    stax0sp                   00667A RLA    
staxspidx                 006685 RLA    staxysp                   00667C RLA    
subysp                    0066DD RLA    tmp1                      000012 RLZ    
tmp2                      000013 RLZ    tosaddax                  005E9D RLA    
tosicmp                   0061F3 RLA    tosicmp0                  0061F1 RLA    
tosmoda0                  0064F5 RLA    tosmula0                  006506 RLA    
tosumoda0                 006739 RLA    tosumula0                 006506 RLA    
udiv16                    0066FB RLA    vsnprintf                 00674D RLA    
zerobss                   006836 RLA    


Exports list by value:
----------------------
__DESTRUCTOR_COUNT__      000000 REA    __EXEHDR__                000001 REA    
__STARTUP__               000001 REA    __CONSTRUCTOR_COUNT__     000001 REA    
__LOADADDR__              000001 REA    sp                        000002 RLZ    
sreg                      000004 RLZ    regsave                   000006 RLZ    
ptr1                      00000A RLZ    ptr2                      00000C RLZ    
ptr3                      00000E RLZ    ptr4                      000010 RLZ    
tmp1                      000012 RLZ    tmp2                      000013 RLZ    
regbank                   000016 RLZ    ST                        000090 RLZ    
__STACKSIZE__             000800 REA    __HEADER_LAST__           00080D RLA    
__MAIN_START__            00080D RLA    _exit                     000825 RLA    
joy_libref                000825 RLA    _raster_wait              000840 RLA    
_wait_vblank              00084F RLA    _SwitchScreen             000876 RLA    
_WriteBit                 0008F7 RLA    _clearBit                 000942 RLA    
_ReadBit                  00097A RLA    _create                   0009FD RLA    
_delete_pos               000A93 RLA    _CountRoster              000B6F RLA    
_getPlayerChar            000BB0 RLA    _AddParty                 000C05 RLA    
_RemoveParty              000CC5 RLA    _CountParty               000D8B RLA    
_getPartyMember           000DCC RLA    _main                     000F52 RLA    
__BSS_SIZE__              0010E5 REA    _DrawAddCharacterScreen   001E94 RLA    
_Update_Combat            001F47 RLA    _Update_Credits           002049 RLA    
_LoadMap                  0041D9 RLA    _MapUpdate                0041E2 RLA    
_Update_Title             00426B RLA    _PlaySID                  00431D RLA    
_StopSID                  004323 RLA    _DiskLoad                 0043C0 RLA    
_MoveScreenUp             0043FB RLA    _SetChar                  0044FB RLA    
_SetCharC                 004563 RLA    _ClearScreen              004620 RLA    
_CopyDoubleBuffer         004738 RLA    _CopyDoubleBufferArea     004768 RLA    
_ReverseBufferArea        004893 RLA    _SelectVICBanks           0049BE RLA    
_SetTileOrigin            004BE8 RLA    _DrawTileFast             004C1D RLA    
_PrintString              004FF6 RLA    _DrawLineH                005090 RLA    
_DrawBorder               005110 RLA    _InitializeInput          005326 RLA    
_UpdateInput              00532D RLA    _InputChanged             00536E RLA    
_InputUp                  00537C RLA    _InputDown                005389 RLA    
_InputLeft                005396 RLA    _InputRight               0053A3 RLA    
_InputFire                0053B0 RLA    _DrawMessageWindow        0053BD RLA    
_BlankMessageWindow       0054BF RLA    _WriteLineMessageWindow   0055B1 RLA    
_DrawCharStats            0058E7 RLA    _SIDSTOP                  005AA0 RLA    
_SIDINIT                  005AAB RLA    _SIDPLAY                  005AB3 RLA    
__directerrno             005AE3 RLA    __printf                  005BE0 RLA    
__seterrno                005E92 RLA    tosaddax                  005E9D RLA    
addeqysp                  005EB9 RLA    addysp                    005EC9 RLA    
aslax2                    005ED6 RLA    shlax3                    005EE1 RLA    
aslax3                    005EE1 RLA    aslax4                    005EEF RLA    
shlax4                    005EEF RLA    axlong                    005F00 RLA    
axulong                   005F06 RLA    _bordercolor              005F0D RLA    
_cbm_k_close              005F15 RLA    _cbm_k_load               005F19 RLA    
_cbm_k_open               005F36 RLA    _cbm_k_save               005F3F RLA    
_cbm_k_setlfs             005F55 RLA    _cbm_k_setnam             005F63 RLA    
callmain                  005F76 RLA    _bgcolor                  005F95 RLA    
donelib                   005F9D RLA    ctypemaskdirect           005FAD RLA    
decsp1                    005FC7 RLA    decsp2                    005FD0 RLA    
decsp3                    005FDD RLA    decsp4                    005FEA RLA    
decsp5                    005FF7 RLA    decsp6                    006004 RLA    
decsp7                    006011 RLA    _free                     00601E RLA    
tosicmp0                  0061F1 RLA    tosicmp                   0061F3 RLA    
incsp1                    00621F RLA    popax                     006226 RLA    
incsp2                    00622E RLA    incsp3                    00623C RLA    
incsp4                    006241 RLA    incsp5                    006246 RLA    
incsp6                    00624B RLA    incsp7                    006250 RLA    
_joy_install              006255 RLA    ldaxysp                   0062A4 RLA    
negeax                    0062AB RLA    pusheax                   0062D2 RLA    
_ltoa                     006302 RLA    _ultoa                    006343 RLA    
boolult                   00639E RLA    _malloc                   0063AB RLA    
_memcpy                   0064B9 RLA    tosmoda0                  0064F5 RLA    
tosumula0                 006506 RLA    tosmula0                  006506 RLA    
mulax3                    006540 RLA    mulax9                    006551 RLA    
negax                     00656C RLA    popa                      00657A RLA    
popptr1                   006586 RLA    push1                     006594 RLA    
pusha                     00659D RLA    push0                     0065AF RLA    
pusha0                    0065B1 RLA    pushax                    0065B3 RLA    
pushw0sp                  0065C9 RLA    pushwysp                  0065CB RLA    
_srand                    0065E5 RLA    _rand                     0065F1 RLA    
popsargsudiv16            006619 RLA    _sprintf                  006639 RLA    
staspidx                  006664 RLA    stax0sp                   00667A RLA    
staxysp                   00667C RLA    staxspidx                 006685 RLA    
_strlen                   0066A0 RLA    _strlower                 0066B6 RLA    
subysp                    0066DD RLA    udiv16                    0066FB RLA    
tosumoda0                 006739 RLA    vsnprintf                 00674D RLA    
_vsprintf                 006824 RLA    zerobss                   006836 RLA    
__hextab                  00724B RLA    __longminstr              00725B RLA    
__ctype                   007267 RLA    __ctypeidx                007272 RLA    
_RaceDescription          0072F6 RLA    __DESTRUCTOR_TABLE__      0072F6 RLA    
_ClassDescription         00733A RLA    _AbilityModifier          00737E RLA    
_randseed                 0073A6 RLA    _AttributeSet             00751F RLA    
_ScreenCharBuffer         00761F RLA    _ScreenColorBuffer        007621 RLA    
_YColumnIndex             007625 RLA    _Messages                 007661 RLA    
__heapptr                 007A69 RLA    __heapend                 007A6B RLA    
__heapfirst               007A6D RLA    __heaplast                007A6F RLA    
_joy_read                 007AA6 REA    joy_read                  007AA6 RLA    
_c64_stdjoy_joy           007AB5 RLA    _joy_static_stddrv        007AB5 RLA    
initheap                  007ADF  LAI   __ONCE_RUN__              007ADF RLA    
__BSS_RUN__               007ADF RLA    _str                      007AE5 RLA    
initlib                   007AEF RLA    __CONSTRUCTOR_TABLE__     007B15 RLA    
_CharRam                  008A0C RLA    _ScreenChars              008A0E RLA    
__oserror                 008B93 RLA    __errno                   008BBF RLA    
__MAIN_SIZE__             00B7F3 REA    __HIMEM__                 00D000 REA    
SETLFS                    00FFBA RLA    SETNAM                    00FFBD RLA    
OPEN                      00FFC0 RLA    CLOSE                     00FFC3 RLA    
BSOUT                     00FFD2 RLA    LOAD                      00FFD5 RLA    
SAVE                      00FFD8 RLA    


Imports list:
-------------
BSOUT (kernal.o):
    crt0.o                    c64/crt0.s:10
CLOSE (kernal.o):
    c_close.o                 cbm/cbm.inc:36
LOAD (kernal.o):
    c_load.o                  cbm/cbm.inc:37
OPEN (kernal.o):
    c_open.o                  cbm/cbm.inc:35
SAVE (kernal.o):
    c_save.o                  cbm/cbm.inc:38
SETLFS (kernal.o):
    c_setlfs.o                cbm/cbm.inc:33
SETNAM (kernal.o):
    c_setnam.o                cbm/cbm.inc:34
ST (status.o):
    crt0.o                    c64/crt0.s:13
_AbilityModifier (BFRPG.o):
    Screen_AddCharacter.o     src/Screen_AddCharacter.s:66
_AddParty (Lists.o):
    Screen_AddCharacter.o     src/Screen_AddCharacter.s:71
_AttributeSet (System_CharacterSets.o):
    System_MessageWindow.o    src/System_MessageWindow.s:49
    System_Graphics.o         src/System_Graphics.s:49
    Screen_Map.o              src/Screen_Map.s:60
_BlankMessageWindow (System_MessageWindow.o):
    Screen_Map.o              src/Screen_Map.s:56
_CharRam (System_Graphics.o):
    System_CharacterSets.o    src/System_CharacterSets.s:27
    Screen_Map.o              src/Screen_Map.s:61
    MapDemo.o                 src/MapDemo.s:49
_ClassDescription (BFRPG.o):
    System_MessageWindow.o    src/System_MessageWindow.s:52
    Screen_AddCharacter.o     src/Screen_AddCharacter.s:65
_ClearScreen (System_Graphics.o):
    Screen_Credits.o          src/Screen_Credits.s:37
    Screen_Combat.o           src/Screen_Combat.s:37
    Screen_AddCharacter.o     src/Screen_AddCharacter.s:76
    MapDemo.o                 src/MapDemo.s:50
    Common.o                  src/Common.s:52
_CopyDoubleBuffer (System_Graphics.o):
    System_MessageWindow.o    src/System_MessageWindow.s:57
    Screen_AddCharacter.o     src/Screen_AddCharacter.s:77
_CopyDoubleBufferArea (System_Graphics.o):
    System_MessageWindow.o    src/System_MessageWindow.s:58
    Screen_Map.o              src/Screen_Map.s:63
_CountParty (Lists.o):
    System_MessageWindow.o    src/System_MessageWindow.s:53
    Screen_Combat.o           src/Screen_Combat.s:36
    Screen_AddCharacter.o     src/Screen_AddCharacter.s:73
_CountRoster (Lists.o):
    Screen_AddCharacter.o     src/Screen_AddCharacter.s:69
_DiskLoad (System_FileIO.o):
    MapDemo.o                 src/MapDemo.s:52
_DrawAddCharacterScreen (Screen_AddCharacter.o):
    Common.o                  src/Common.s:50
_DrawBorder (System_Graphics.o):
    System_MessageWindow.o    src/System_MessageWindow.s:61
    Screen_Title.o            src/Screen_Title.s:30
    Screen_Map.o              src/Screen_Map.s:64
    Screen_Combat.o           src/Screen_Combat.s:41
    Screen_AddCharacter.o     src/Screen_AddCharacter.s:80
_DrawCharStats (System_MessageWindow.o):
    Screen_Map.o              src/Screen_Map.s:59
_DrawLineH (System_Graphics.o):
    Screen_AddCharacter.o     src/Screen_AddCharacter.s:79
_DrawMessageWindow (System_MessageWindow.o):
    Screen_Map.o              src/Screen_Map.s:55
_DrawTileFast (System_Graphics.o):
    Screen_Combat.o           src/Screen_Combat.s:39
_InitializeInput (System_Input.o):
    MapDemo.o                 src/MapDemo.s:53
_InputChanged (System_Input.o):
    Screen_Title.o            src/Screen_Title.s:32
    Screen_Credits.o          src/Screen_Credits.s:42
    Screen_Combat.o           src/Screen_Combat.s:43
    Screen_AddCharacter.o     src/Screen_AddCharacter.s:82
_InputDown (System_Input.o):
    Screen_Map.o              src/Screen_Map.s:70
    Screen_AddCharacter.o     src/Screen_AddCharacter.s:84
_InputFire (System_Input.o):
    Screen_Title.o            src/Screen_Title.s:33
    Screen_Map.o              src/Screen_Map.s:73
    Screen_Credits.o          src/Screen_Credits.s:43
    Screen_Combat.o           src/Screen_Combat.s:44
    Screen_AddCharacter.o     src/Screen_AddCharacter.s:87
_InputLeft (System_Input.o):
    Screen_Map.o              src/Screen_Map.s:71
    Screen_AddCharacter.o     src/Screen_AddCharacter.s:85
_InputRight (System_Input.o):
    Screen_Map.o              src/Screen_Map.s:72
    Screen_AddCharacter.o     src/Screen_AddCharacter.s:86
_InputUp (System_Input.o):
    Screen_Map.o              src/Screen_Map.s:69
    Screen_AddCharacter.o     src/Screen_AddCharacter.s:83
_LoadMap (Screen_Map.o):
    MapDemo.o                 src/MapDemo.s:56
_MapUpdate (Screen_Map.o):
    Common.o                  src/Common.s:49
_Messages (System_MessageWindow.o):
    Screen_Map.o              src/Screen_Map.s:58
_MoveScreenUp (System_Graphics.o):
    Screen_Credits.o          src/Screen_Credits.s:36
_PlaySID (System_Audio.o):
    Screen_Credits.o          src/Screen_Credits.s:39
_PrintString (System_Graphics.o):
    System_MessageWindow.o    src/System_MessageWindow.s:60
    Screen_Title.o            src/Screen_Title.s:29
    Screen_Credits.o          src/Screen_Credits.s:38
    Screen_Combat.o           src/Screen_Combat.s:40
    Screen_AddCharacter.o     src/Screen_AddCharacter.s:78
_RaceDescription (BFRPG.o):
    System_MessageWindow.o    src/System_MessageWindow.s:51
    Screen_AddCharacter.o     src/Screen_AddCharacter.s:64
_ReadBit (Common.o):
    System_Graphics.o         src/System_Graphics.s:46
    Screen_Map.o              src/Screen_Map.s:54
_RemoveParty (Lists.o):
    Screen_AddCharacter.o     src/Screen_AddCharacter.s:72
_ReverseBufferArea (System_Graphics.o):
    System_MessageWindow.o    src/System_MessageWindow.s:59
_SIDINIT (SIDPlayerASM.o):
    System_Audio.o            src/System_Audio.s:33
_SIDPLAY (SIDPlayerASM.o):
    System_Audio.o            src/System_Audio.s:34
_SIDSTOP (SIDPlayerASM.o):
    System_Audio.o            src/System_Audio.s:35
_ScreenCharBuffer (System_Graphics.o):
    Screen_Map.o              src/Screen_Map.s:66
_ScreenChars (System_Graphics.o):
    System_MessageWindow.o    src/System_MessageWindow.s:55
_ScreenColorBuffer (System_Graphics.o):
    Screen_Map.o              src/Screen_Map.s:67
_SelectVICBanks (System_Graphics.o):
    MapDemo.o                 src/MapDemo.s:51
_SetChar (System_Graphics.o):
    Screen_Map.o              src/Screen_Map.s:62
    Screen_AddCharacter.o     src/Screen_AddCharacter.s:75
_SetCharC (System_Graphics.o):
    System_MessageWindow.o    src/System_MessageWindow.s:56
_SetTileOrigin (System_Graphics.o):
    Screen_Combat.o           src/Screen_Combat.s:38
_StopSID (System_Audio.o):
    Screen_Credits.o          src/Screen_Credits.s:40
_SwitchScreen (Common.o):
    Screen_Map.o              src/Screen_Map.s:53
    MapDemo.o                 src/MapDemo.s:48
_UpdateInput (System_Input.o):
    Screen_Title.o            src/Screen_Title.s:31
    Screen_Map.o              src/Screen_Map.s:68
    Screen_Credits.o          src/Screen_Credits.s:41
    Screen_Combat.o           src/Screen_Combat.s:42
    Screen_AddCharacter.o     src/Screen_AddCharacter.s:81
    Common.o                  src/Common.s:53
_Update_Combat (Screen_Combat.o):
    Common.o                  src/Common.s:51
_Update_Credits (Screen_Credits.o):
    Common.o                  src/Common.s:48
_Update_Title (Screen_Title.o):
    Common.o                  src/Common.s:47
_WriteBit (Common.o):
    System_Graphics.o         src/System_Graphics.s:44
_WriteLineMessageWindow (System_MessageWindow.o):
    Screen_Map.o              src/Screen_Map.s:57
    Screen_AddCharacter.o     src/Screen_AddCharacter.s:63
    Lists.o                   src/Lists.s:43
_YColumnIndex (System_Graphics.o):
    Screen_Map.o              src/Screen_Map.s:65
__BSS_RUN__ ([linker generated]):
    _heap.o                   common/_heap.s:8
    zerobss.o                 common/zerobss.s:8
__BSS_SIZE__ ([linker generated]):
    _heap.o                   common/_heap.s:8
    zerobss.o                 common/zerobss.s:8
__CONSTRUCTOR_COUNT__ ([linker generated]):
    condes.o                  runtime/condes.s:18
__CONSTRUCTOR_TABLE__ ([linker generated]):
    condes.o                  runtime/condes.s:18
__DESTRUCTOR_COUNT__ ([linker generated]):
    condes.o                  runtime/condes.s:19
__DESTRUCTOR_TABLE__ ([linker generated]):
    condes.o                  runtime/condes.s:19
__EXEHDR__ (exehdr.o):
    [linker generated]        c64_1.cfg:6
__HEADER_LAST__ ([linker generated]):
    [linker generated]        c64_1.cfg:14
    [linker generated]        c64_1.cfg:14
__HIMEM__ ([linker generated]):
    [linker generated]        c64_1.cfg:15
    [linker generated]        c64_1.cfg:14
__LOADADDR__ (loadaddr.o):
    [linker generated]        c64_1.cfg:5
__MAIN_SIZE__ ([linker generated]):
    crt0.o                    c64/crt0.s:11
__MAIN_START__ ([linker generated]):
    crt0.o                    c64/crt0.s:11
__ONCE_RUN__ ([linker generated]):
    [linker generated]        c64_1.cfg:15
    [linker generated]        c64_1.cfg:15
__STACKSIZE__ ([linker generated]):
    _heap.o                   common/_heap.s:8
    [linker generated]        c64_1.cfg:15
__STARTUP__ (crt0.o):
    MapDemo.o                 src/MapDemo.s:38
__ctype (ctype.o):
    ctypemask.o               common/ctypemask.s:23
__ctypeidx (ctype.o):
    ctypemask.o               common/ctypemask.s:24
__directerrno (_directerrno.o):
    vsnprintf.o               /__w/vscode-cc65-debugger/vscode-cc65-debugger/3rdparty/cc65/asminc/errno.inc:10
__errno (errno.o):
    _seterrno.o               /__w/vscode-cc65-debugger/vscode-cc65-debugger/3rdparty/cc65/asminc/errno.inc:7
__heapend (_heap.o):
    malloc.o                  /__w/vscode-cc65-debugger/vscode-cc65-debugger/3rdparty/cc65/asminc/_heap.inc:33
__heapfirst (_heap.o):
    malloc.o                  /__w/vscode-cc65-debugger/vscode-cc65-debugger/3rdparty/cc65/asminc/_heap.inc:34
    free.o                    /__w/vscode-cc65-debugger/vscode-cc65-debugger/3rdparty/cc65/asminc/_heap.inc:34
__heaplast (_heap.o):
    malloc.o                  /__w/vscode-cc65-debugger/vscode-cc65-debugger/3rdparty/cc65/asminc/_heap.inc:35
    free.o                    /__w/vscode-cc65-debugger/vscode-cc65-debugger/3rdparty/cc65/asminc/_heap.inc:35
__heapptr (_heap.o):
    malloc.o                  /__w/vscode-cc65-debugger/vscode-cc65-debugger/3rdparty/cc65/asminc/_heap.inc:32
    free.o                    /__w/vscode-cc65-debugger/vscode-cc65-debugger/3rdparty/cc65/asminc/_heap.inc:32
__hextab (_hextab.o):
    ltoa.o                    common/ltoa.s:10
__longminstr (_longminstr.o):
    ltoa.o                    common/ltoa.s:10
__oserror (_oserror.o):
    _directerrno.o            /__w/vscode-cc65-debugger/vscode-cc65-debugger/3rdparty/cc65/asminc/errno.inc:7
    c_load.o                  cbm/c_load.s:10
__printf (_printf.o):
    vsnprintf.o               common/vsnprintf.s:10
__seterrno (_seterrno.o):
    _directerrno.o            /__w/vscode-cc65-debugger/vscode-cc65-debugger/3rdparty/cc65/asminc/errno.inc:9
_bgcolor (color.o):
    System_Graphics.o         src/System_Graphics.s:47
    MapDemo.o                 src/MapDemo.s:54
_bordercolor (bordercolor.o):
    System_Graphics.o         src/System_Graphics.s:48
    MapDemo.o                 src/MapDemo.s:55
_c64_stdjoy_joy (c64-stdjoy-joy.o):
    joy_stat_stddrv.o         c64/joy_stat_stddrv.s:10
_cbm_k_close (c_close.o):
    System_FileIO.o           src/System_FileIO.s:31
_cbm_k_load (c_load.o):
    System_FileIO.o           src/System_FileIO.s:32
_cbm_k_open (c_open.o):
    System_FileIO.o           src/System_FileIO.s:33
_cbm_k_save (c_save.o):
    System_FileIO.o           src/System_FileIO.s:34
_cbm_k_setlfs (c_setlfs.o):
    System_FileIO.o           src/System_FileIO.s:35
_cbm_k_setnam (c_setnam.o):
    System_FileIO.o           src/System_FileIO.s:36
_clearBit (Common.o):
    System_Graphics.o         src/System_Graphics.s:45
_create (Lists.o):
    Screen_AddCharacter.o     src/Screen_AddCharacter.s:67
_delete_pos (Lists.o):
    Screen_AddCharacter.o     src/Screen_AddCharacter.s:68
_exit (crt0.o):
    libref.o                  c64/libref.s:11
    Lists.o                   src/Lists.s:41
_free (free.o):
    Lists.o                   src/Lists.s:40
_getPartyMember (Lists.o):
    System_MessageWindow.o    src/System_MessageWindow.s:54
    Screen_AddCharacter.o     src/Screen_AddCharacter.s:74
_getPlayerChar (Lists.o):
    Screen_AddCharacter.o     src/Screen_AddCharacter.s:70
_joy_install (joy-kernel.o):
    System_Input.o            src/System_Input.s:33
_joy_read (joy_read.o):
    System_Input.o            src/System_Input.s:34
_joy_static_stddrv (joy_stat_stddrv.o):
    System_Input.o            src/System_Input.s:32
_ltoa (ltoa.o):
    _printf.o                 common/_printf.s:12
_main (MapDemo.o):
    callmain.o                runtime/callmain.s:11
_malloc (malloc.o):
    Lists.o                   src/Lists.s:39
_memcpy (memcpy.o):
    vsnprintf.o               common/vsnprintf.s:10
    System_MessageWindow.o    src/System_MessageWindow.s:46
    System_Graphics.o         src/System_Graphics.s:41
    System_CharacterSets.o    src/System_CharacterSets.s:26
    Screen_Map.o              src/Screen_Map.s:52
    Lists.o                   src/Lists.s:42
_rand (rand.o):
    Screen_AddCharacter.o     src/Screen_AddCharacter.s:89
_randseed (Common.o):
    System_Input.o            src/System_Input.s:31
    Screen_AddCharacter.o     src/Screen_AddCharacter.s:62
_raster_wait (Common.o):
    System_Graphics.o         src/System_Graphics.s:42
_sprintf (sprintf.o):
    System_MessageWindow.o    src/System_MessageWindow.s:50
    System_FileIO.o           src/System_FileIO.s:37
    Screen_AddCharacter.o     src/Screen_AddCharacter.s:88
_srand (rand.o):
    Screen_AddCharacter.o     src/Screen_AddCharacter.s:90
_str (Common.o):
    System_MessageWindow.o    src/System_MessageWindow.s:47
    Screen_AddCharacter.o     src/Screen_AddCharacter.s:61
_strlen (strlen.o):
    _printf.o                 common/_printf.s:13
_strlower (strlower.o):
    _printf.o                 common/_printf.s:13
_ultoa (ltoa.o):
    _printf.o                 common/_printf.s:12
_vsprintf (vsprintf.o):
    sprintf.o                 common/sprintf.s:8
_wait_vblank (Common.o):
    System_MusicPlayer.o      src/System_MusicPlayer.s:24
    System_MessageWindow.o    src/System_MessageWindow.s:48
    System_Graphics.o         src/System_Graphics.s:43
    Screen_Combat.o           src/Screen_Combat.s:35
addeqysp (addeqsp.o):
    Lists.o                   src/Lists.s:987
    Lists.o                   src/Lists.s:987
addysp (addysp.o):
    sprintf.o                 common/sprintf.s:8
    incsp7.o                  runtime/incsp7.s:8
    incsp6.o                  runtime/incsp6.s:8
    incsp5.o                  runtime/incsp5.s:8
    incsp4.o                  runtime/incsp4.s:8
    incsp3.o                  runtime/incsp3.s:8
    System_FileIO.o           src/System_FileIO.s:186
aslax2 (aslax2.o):
    System_Graphics.o         src/System_Graphics.s:2674
aslax3 (aslax3.o):
    System_Graphics.o         src/System_Graphics.s:2674
    Screen_Map.o              src/Screen_Map.s:5472
    Screen_Map.o              src/Screen_Map.s:5472
    Screen_Map.o              src/Screen_Map.s:5472
aslax4 (aslax4.o):
    System_Graphics.o         src/System_Graphics.s:2674
    System_Graphics.o         src/System_Graphics.s:2674
    Screen_Map.o              src/Screen_Map.s:5472
    Screen_Map.o              src/Screen_Map.s:5472
    Screen_Map.o              src/Screen_Map.s:5472
    Screen_Map.o              src/Screen_Map.s:5472
    Screen_Map.o              src/Screen_Map.s:5472
    Screen_AddCharacter.o     src/Screen_AddCharacter.s:2687
    Screen_AddCharacter.o     src/Screen_AddCharacter.s:2687
    Screen_AddCharacter.o     src/Screen_AddCharacter.s:2687
    Screen_AddCharacter.o     src/Screen_AddCharacter.s:2687
axlong (axlong.o):
    _printf.o                 common/_printf.s:11
axulong (axlong.o):
    _printf.o                 common/_printf.s:11
boolult (makebool.o):
    System_Graphics.o         src/System_Graphics.s:2674
callmain (callmain.o):
    crt0.o                    c64/crt0.s:9
ctypemaskdirect (ctypemask.o):
    strlower.o                common/strlower.s:14
decsp1 (decsp1.o):
    System_MessageWindow.o    src/System_MessageWindow.s:949
    System_Graphics.o         src/System_Graphics.s:2674
    System_Graphics.o         src/System_Graphics.s:2674
    Screen_Map.o              src/Screen_Map.s:5472
    Screen_Combat.o           src/Screen_Combat.s:273
    Screen_Combat.o           src/Screen_Combat.s:273
    Screen_AddCharacter.o     src/Screen_AddCharacter.s:2687
    Screen_AddCharacter.o     src/Screen_AddCharacter.s:2687
    Screen_AddCharacter.o     src/Screen_AddCharacter.s:2687
    Screen_AddCharacter.o     src/Screen_AddCharacter.s:2687
    Screen_AddCharacter.o     src/Screen_AddCharacter.s:2687
decsp2 (decsp2.o):
    System_Graphics.o         src/System_Graphics.s:2674
    System_Graphics.o         src/System_Graphics.s:2674
    System_Graphics.o         src/System_Graphics.s:2674
    System_FileIO.o           src/System_FileIO.s:186
    System_FileIO.o           src/System_FileIO.s:186
    Screen_Map.o              src/Screen_Map.s:5472
    Screen_Map.o              src/Screen_Map.s:5472
    Screen_Map.o              src/Screen_Map.s:5472
    Screen_Map.o              src/Screen_Map.s:5472
    Screen_Map.o              src/Screen_Map.s:5472
    Screen_Map.o              src/Screen_Map.s:5472
    Screen_AddCharacter.o     src/Screen_AddCharacter.s:2687
    Screen_AddCharacter.o     src/Screen_AddCharacter.s:2687
    Screen_AddCharacter.o     src/Screen_AddCharacter.s:2687
    Screen_AddCharacter.o     src/Screen_AddCharacter.s:2687
    Screen_AddCharacter.o     src/Screen_AddCharacter.s:2687
    MapDemo.o                 src/MapDemo.s:150
decsp3 (decsp3.o):
    System_MessageWindow.o    src/System_MessageWindow.s:949
    System_MessageWindow.o    src/System_MessageWindow.s:949
    System_MessageWindow.o    src/System_MessageWindow.s:949
    System_Graphics.o         src/System_Graphics.s:2674
    System_Graphics.o         src/System_Graphics.s:2674
    System_Graphics.o         src/System_Graphics.s:2674
    System_Graphics.o         src/System_Graphics.s:2674
    System_Graphics.o         src/System_Graphics.s:2674
    Screen_Map.o              src/Screen_Map.s:5472
    Screen_Map.o              src/Screen_Map.s:5472
    Screen_Combat.o           src/Screen_Combat.s:273
    Screen_Combat.o           src/Screen_Combat.s:273
decsp4 (decsp4.o):
    lpush.o                   runtime/lpush.s:12
    sprintf.o                 common/sprintf.s:8
    System_MessageWindow.o    src/System_MessageWindow.s:949
    System_Graphics.o         src/System_Graphics.s:2674
    Screen_AddCharacter.o     src/Screen_AddCharacter.s:2687
    Screen_AddCharacter.o     src/Screen_AddCharacter.s:2687
    Screen_AddCharacter.o     src/Screen_AddCharacter.s:2687
    Screen_AddCharacter.o     src/Screen_AddCharacter.s:2687
    Screen_AddCharacter.o     src/Screen_AddCharacter.s:2687
    Screen_AddCharacter.o     src/Screen_AddCharacter.s:2687
    Screen_AddCharacter.o     src/Screen_AddCharacter.s:2687
    Lists.o                   src/Lists.s:987
decsp5 (decsp5.o):
    System_MessageWindow.o    src/System_MessageWindow.s:949
    System_MessageWindow.o    src/System_MessageWindow.s:949
    System_MessageWindow.o    src/System_MessageWindow.s:949
    System_Graphics.o         src/System_Graphics.s:2674
    Screen_Title.o            src/Screen_Title.s:167
    Screen_Map.o              src/Screen_Map.s:5472
    Screen_Credits.o          src/Screen_Credits.s:283
    Screen_Combat.o           src/Screen_Combat.s:273
    Screen_AddCharacter.o     src/Screen_AddCharacter.s:2687
    Screen_AddCharacter.o     src/Screen_AddCharacter.s:2687
    Screen_AddCharacter.o     src/Screen_AddCharacter.s:2687
decsp6 (decsp6.o):
    _printf.o                 common/_printf.s:11
    Lists.o                   src/Lists.s:987
    Lists.o                   src/Lists.s:987
    Lists.o                   src/Lists.s:987
    Lists.o                   src/Lists.s:987
decsp7 (decsp7.o):
    System_Graphics.o         src/System_Graphics.s:2674
donelib (condes.o):
    crt0.o                    c64/crt0.s:8
incsp1 (incsp1.o):
    System_MusicPlayer.o      src/System_MusicPlayer.s:2216
    System_MessageWindow.o    src/System_MessageWindow.s:949
    System_MessageWindow.o    src/System_MessageWindow.s:949
    System_Graphics.o         src/System_Graphics.s:2674
    System_Graphics.o         src/System_Graphics.s:2674
    Screen_Map.o              src/Screen_Map.s:5472
    Screen_Map.o              src/Screen_Map.s:5472
    Screen_Map.o              src/Screen_Map.s:5472
    Screen_Map.o              src/Screen_Map.s:5472
    Screen_Combat.o           src/Screen_Combat.s:273
    Screen_AddCharacter.o     src/Screen_AddCharacter.s:2687
    Screen_AddCharacter.o     src/Screen_AddCharacter.s:2687
    Screen_AddCharacter.o     src/Screen_AddCharacter.s:2687
    Common.o                  src/Common.s:523
    Common.o                  src/Common.s:523
    Common.o                  src/Common.s:523
incsp2 (incsp2.o):
    vsnprintf.o               common/vsnprintf.s:9
    staxspi.o                 runtime/staxspi.s:9
    staspidx.o                runtime/staspidx.s:8
    popptr1.o                 runtime/popptr1.s:8
    System_MusicPlayer.o      src/System_MusicPlayer.s:2216
    System_MusicPlayer.o      src/System_MusicPlayer.s:2216
    System_Graphics.o         src/System_Graphics.s:2674
    System_Graphics.o         src/System_Graphics.s:2674
    System_Graphics.o         src/System_Graphics.s:2674
    System_Graphics.o         src/System_Graphics.s:2674
    Screen_Title.o            src/Screen_Title.s:167
    Screen_Map.o              src/Screen_Map.s:5472
    Screen_Map.o              src/Screen_Map.s:5472
    Screen_Map.o              src/Screen_Map.s:5472
    Screen_Map.o              src/Screen_Map.s:5472
    Screen_Map.o              src/Screen_Map.s:5472
    Screen_Map.o              src/Screen_Map.s:5472
    Screen_Map.o              src/Screen_Map.s:5472
    Screen_Map.o              src/Screen_Map.s:5472
    Screen_Map.o              src/Screen_Map.s:5472
    Screen_Combat.o           src/Screen_Combat.s:273
    Screen_Combat.o           src/Screen_Combat.s:273
    Screen_AddCharacter.o     src/Screen_AddCharacter.s:2687
    Screen_AddCharacter.o     src/Screen_AddCharacter.s:2687
    Common.o                  src/Common.s:523
    Common.o                  src/Common.s:523
    Common.o                  src/Common.s:523
incsp3 (incsp3.o):
    System_MessageWindow.o    src/System_MessageWindow.s:949
    System_Graphics.o         src/System_Graphics.s:2674
    System_Graphics.o         src/System_Graphics.s:2674
    Screen_Map.o              src/Screen_Map.s:5472
    Screen_Map.o              src/Screen_Map.s:5472
    Screen_Map.o              src/Screen_Map.s:5472
    Screen_Credits.o          src/Screen_Credits.s:283
    Lists.o                   src/Lists.s:987
    Lists.o                   src/Lists.s:987
    Common.o                  src/Common.s:523
incsp4 (incsp4.o):
    System_Graphics.o         src/System_Graphics.s:2674
    System_Graphics.o         src/System_Graphics.s:2674
    System_Graphics.o         src/System_Graphics.s:2674
    System_Graphics.o         src/System_Graphics.s:2674
    System_Graphics.o         src/System_Graphics.s:2674
    System_Graphics.o         src/System_Graphics.s:2674
    System_FileIO.o           src/System_FileIO.s:186
    Screen_Map.o              src/Screen_Map.s:5472
    Screen_AddCharacter.o     src/Screen_AddCharacter.s:2687
    Screen_AddCharacter.o     src/Screen_AddCharacter.s:2687
    Lists.o                   src/Lists.s:987
    Lists.o                   src/Lists.s:987
    Lists.o                   src/Lists.s:987
    Common.o                  src/Common.s:523
    Common.o                  src/Common.s:523
incsp5 (incsp5.o):
    System_MessageWindow.o    src/System_MessageWindow.s:949
    System_Graphics.o         src/System_Graphics.s:2674
    System_Graphics.o         src/System_Graphics.s:2674
incsp6 (incsp6.o):
    vsnprintf.o               common/vsnprintf.s:9
    System_Graphics.o         src/System_Graphics.s:2674
    System_Graphics.o         src/System_Graphics.s:2674
    Screen_AddCharacter.o     src/Screen_AddCharacter.s:2687
incsp7 (incsp7.o):
    System_Graphics.o         src/System_Graphics.s:2674
    Screen_AddCharacter.o     src/Screen_AddCharacter.s:2687
    Lists.o                   src/Lists.s:987
    Lists.o                   src/Lists.s:987
    Lists.o                   src/Lists.s:987
    Lists.o                   src/Lists.s:987
initlib (condes.o):
    crt0.o                    c64/crt0.s:8
joy_libref (libref.o):
    joy-kernel.o              joystick/joy-kernel.s:7
joy_read (joy-kernel.o):
    joy_read.o                /__w/vscode-cc65-debugger/vscode-cc65-debugger/3rdparty/cc65/asminc/joy-kernel.inc:71
ldaxysp (ldaxsp.o):
    vsnprintf.o               common/vsnprintf.s:9
mulax3 (mulax3.o):
    System_MessageWindow.o    src/System_MessageWindow.s:949
mulax9 (mulax9.o):
    Screen_Map.o              src/Screen_Map.s:5472
    Screen_Map.o              src/Screen_Map.s:5472
    Screen_Map.o              src/Screen_Map.s:5472
negax (negabs.o):
    shelp.o                   runtime/shelp.s:11
    mod.o                     runtime/mod.s:11
negeax (lneg.o):
    ltoa.o                    common/ltoa.s:9
popa (popa.o):
    c_setlfs.o                cbm/c_setlfs.s:12
    c_load.o                  cbm/c_load.s:11
popax (incsp2.o):
    ltoa.o                    common/ltoa.s:9
    _printf.o                 common/_printf.s:11
    vsnprintf.o               common/vsnprintf.s:9
    shelp.o                   runtime/shelp.s:11
    memcpy.o                  common/memcpy.s:14
popptr1 (popptr1.o):
    ltoa.o                    common/ltoa.s:9
    umod.o                    runtime/umod.s:8
    udiv.o                    runtime/udiv.s:9
    mul8.o                    runtime/mul8.s:9
    memcpy.o                  common/memcpy.s:14
    c_save.o                  cbm/c_save.s:10
popsargsudiv16 (shelp.o):
    mod.o                     runtime/mod.s:11
ptr1 (zeropage.o):
    strlower.o                common/strlower.s:13
    ltoa.o                    common/ltoa.s:11
    _printf.o                 /__w/vscode-cc65-debugger/vscode-cc65-debugger/3rdparty/cc65/asminc/zeropage.inc:12
    vsnprintf.o               common/vsnprintf.s:11
    zerobss.o                 common/zerobss.s:9
    udiv.o                    runtime/udiv.s:10
    staxspi.o                 runtime/staxspi.s:10
    staspidx.o                runtime/staspidx.s:9
    sprintf.o                 common/sprintf.s:9
    shelp.o                   runtime/shelp.s:12
    popptr1.o                 runtime/popptr1.s:9
    mulax9.o                  runtime/mulax9.s:10
    mulax3.o                  runtime/mulax3.s:9
    mul8.o                    runtime/mul8.s:10
    memcpy.o                  common/memcpy.s:15
    malloc.o                  common/malloc.s:108
    joy-kernel.o              joystick/joy-kernel.s:8
    free.o                    common/free.s:62
    c_setnam.o                cbm/c_setnam.s:10
    c_save.o                  cbm/c_save.s:11
    c_load.o                  cbm/c_load.s:12
    System_MusicPlayer.o      src/System_MusicPlayer.s:11
    System_MessageWindow.o    src/System_MessageWindow.s:11
    System_Graphics.o         src/System_Graphics.s:11
    Screen_Map.o              src/Screen_Map.s:11
    Screen_AddCharacter.o     src/Screen_AddCharacter.s:11
    Lists.o                   src/Lists.s:11
    Common.o                  src/Common.s:11
ptr2 (zeropage.o):
    strlower.o                common/strlower.s:13
    strlen.o                  common/strlen.s:12
    ltoa.o                    common/ltoa.s:11
    _printf.o                 /__w/vscode-cc65-debugger/vscode-cc65-debugger/3rdparty/cc65/asminc/zeropage.inc:12
    memcpy.o                  common/memcpy.s:15
    malloc.o                  common/malloc.s:108
    free.o                    common/free.s:62
ptr3 (zeropage.o):
    ltoa.o                    common/ltoa.s:11
    memcpy.o                  common/memcpy.s:15
    malloc.o                  common/malloc.s:108
    free.o                    common/free.s:62
ptr4 (zeropage.o):
    umod.o                    runtime/umod.s:9
    udiv.o                    runtime/udiv.s:10
    shelp.o                   runtime/shelp.s:12
    mul8.o                    runtime/mul8.s:10
    free.o                    common/free.s:62
push0 (pushax.o):
    Screen_AddCharacter.o     src/Screen_AddCharacter.s:2687
push1 (push1.o):
    _printf.o                 common/_printf.s:11
pusha (pusha.o):
    System_MusicPlayer.o      src/System_MusicPlayer.s:2216
    System_MessageWindow.o    src/System_MessageWindow.s:949
    System_MessageWindow.o    src/System_MessageWindow.s:949
    System_MessageWindow.o    src/System_MessageWindow.s:949
    System_Graphics.o         src/System_Graphics.s:2674
    System_Graphics.o         src/System_Graphics.s:2674
    System_Graphics.o         src/System_Graphics.s:2674
    System_Graphics.o         src/System_Graphics.s:2674
    System_Graphics.o         src/System_Graphics.s:2674
    System_Graphics.o         src/System_Graphics.s:2674
    System_Graphics.o         src/System_Graphics.s:2674
    System_Graphics.o         src/System_Graphics.s:2674
    System_Graphics.o         src/System_Graphics.s:2674
    System_Graphics.o         src/System_Graphics.s:2674
    System_Graphics.o         src/System_Graphics.s:2674
    System_Graphics.o         src/System_Graphics.s:2674
    System_Graphics.o         src/System_Graphics.s:2674
    System_Graphics.o         src/System_Graphics.s:2674
    System_Graphics.o         src/System_Graphics.s:2674
    System_Graphics.o         src/System_Graphics.s:2674
    System_Graphics.o         src/System_Graphics.s:2674
    System_FileIO.o           src/System_FileIO.s:186
    Screen_Title.o            src/Screen_Title.s:167
    Screen_Map.o              src/Screen_Map.s:5472
    Screen_Map.o              src/Screen_Map.s:5472
    Screen_Map.o              src/Screen_Map.s:5472
    Screen_Map.o              src/Screen_Map.s:5472
    Screen_Map.o              src/Screen_Map.s:5472
    Screen_Map.o              src/Screen_Map.s:5472
    Screen_Map.o              src/Screen_Map.s:5472
    Screen_Map.o              src/Screen_Map.s:5472
    Screen_Map.o              src/Screen_Map.s:5472
    Screen_Map.o              src/Screen_Map.s:5472
    Screen_Map.o              src/Screen_Map.s:5472
    Screen_Map.o              src/Screen_Map.s:5472
    Screen_Credits.o          src/Screen_Credits.s:283
    Screen_Combat.o           src/Screen_Combat.s:273
    Screen_Combat.o           src/Screen_Combat.s:273
    Screen_AddCharacter.o     src/Screen_AddCharacter.s:2687
    Screen_AddCharacter.o     src/Screen_AddCharacter.s:2687
    Screen_AddCharacter.o     src/Screen_AddCharacter.s:2687
    Screen_AddCharacter.o     src/Screen_AddCharacter.s:2687
    Screen_AddCharacter.o     src/Screen_AddCharacter.s:2687
    Screen_AddCharacter.o     src/Screen_AddCharacter.s:2687
    Screen_AddCharacter.o     src/Screen_AddCharacter.s:2687
    Lists.o                   src/Lists.s:987
    Lists.o                   src/Lists.s:987
    Lists.o                   src/Lists.s:987
    Lists.o                   src/Lists.s:987
    Lists.o                   src/Lists.s:987
    Lists.o                   src/Lists.s:987
    Lists.o                   src/Lists.s:987
    Lists.o                   src/Lists.s:987
    Common.o                  src/Common.s:523
    Common.o                  src/Common.s:523
    Common.o                  src/Common.s:523
    Common.o                  src/Common.s:523
    Common.o                  src/Common.s:523
    Common.o                  src/Common.s:523
    Common.o                  src/Common.s:523
    Common.o                  src/Common.s:523
pusha0 (pushax.o):
    push1.o                   runtime/push1.s:8
    System_MessageWindow.o    src/System_MessageWindow.s:949
    System_MessageWindow.o    src/System_MessageWindow.s:949
    System_MessageWindow.o    src/System_MessageWindow.s:949
    System_Graphics.o         src/System_Graphics.s:2674
    System_Graphics.o         src/System_Graphics.s:2674
    System_Graphics.o         src/System_Graphics.s:2674
    System_Graphics.o         src/System_Graphics.s:2674
    Screen_Map.o              src/Screen_Map.s:5472
    Screen_Map.o              src/Screen_Map.s:5472
    Screen_Map.o              src/Screen_Map.s:5472
    Screen_Map.o              src/Screen_Map.s:5472
    Screen_Map.o              src/Screen_Map.s:5472
    Screen_Map.o              src/Screen_Map.s:5472
    Screen_Map.o              src/Screen_Map.s:5472
    Screen_Map.o              src/Screen_Map.s:5472
    Screen_Map.o              src/Screen_Map.s:5472
    Screen_Map.o              src/Screen_Map.s:5472
    Screen_Map.o              src/Screen_Map.s:5472
    Screen_Map.o              src/Screen_Map.s:5472
    Screen_Credits.o          src/Screen_Credits.s:283
    Screen_Combat.o           src/Screen_Combat.s:273
    Screen_AddCharacter.o     src/Screen_AddCharacter.s:2687
    Screen_AddCharacter.o     src/Screen_AddCharacter.s:2687
    Screen_AddCharacter.o     src/Screen_AddCharacter.s:2687
    Screen_AddCharacter.o     src/Screen_AddCharacter.s:2687
    Screen_AddCharacter.o     src/Screen_AddCharacter.s:2687
pushax (pushax.o):
    _printf.o                 common/_printf.s:11
    callmain.o                runtime/callmain.s:11
    System_MusicPlayer.o      src/System_MusicPlayer.s:2216
    System_MusicPlayer.o      src/System_MusicPlayer.s:2216
    System_MessageWindow.o    src/System_MessageWindow.s:949
    System_MessageWindow.o    src/System_MessageWindow.s:949
    System_Graphics.o         src/System_Graphics.s:2674
    System_Graphics.o         src/System_Graphics.s:2674
    System_Graphics.o         src/System_Graphics.s:2674
    System_Graphics.o         src/System_Graphics.s:2674
    System_Graphics.o         src/System_Graphics.s:2674
    System_Graphics.o         src/System_Graphics.s:2674
    System_Graphics.o         src/System_Graphics.s:2674
    System_FileIO.o           src/System_FileIO.s:186
    System_FileIO.o           src/System_FileIO.s:186
    System_CharacterSets.o    src/System_CharacterSets.s:315
    Screen_Map.o              src/Screen_Map.s:5472
    Screen_Map.o              src/Screen_Map.s:5472
    Screen_Map.o              src/Screen_Map.s:5472
    Screen_Map.o              src/Screen_Map.s:5472
    Screen_Map.o              src/Screen_Map.s:5472
    Screen_Map.o              src/Screen_Map.s:5472
    Screen_Map.o              src/Screen_Map.s:5472
    Screen_Map.o              src/Screen_Map.s:5472
    Screen_Map.o              src/Screen_Map.s:5472
    Screen_Map.o              src/Screen_Map.s:5472
    Screen_Map.o              src/Screen_Map.s:5472
    Screen_Map.o              src/Screen_Map.s:5472
    Screen_Map.o              src/Screen_Map.s:5472
    Screen_Map.o              src/Screen_Map.s:5472
    Screen_AddCharacter.o     src/Screen_AddCharacter.s:2687
    Screen_AddCharacter.o     src/Screen_AddCharacter.s:2687
    Screen_AddCharacter.o     src/Screen_AddCharacter.s:2687
    Screen_AddCharacter.o     src/Screen_AddCharacter.s:2687
    Screen_AddCharacter.o     src/Screen_AddCharacter.s:2687
    Screen_AddCharacter.o     src/Screen_AddCharacter.s:2687
    Screen_AddCharacter.o     src/Screen_AddCharacter.s:2687
    Screen_AddCharacter.o     src/Screen_AddCharacter.s:2687
    MapDemo.o                 src/MapDemo.s:150
    Lists.o                   src/Lists.s:987
    Lists.o                   src/Lists.s:987
    Lists.o                   src/Lists.s:987
    Lists.o                   src/Lists.s:987
    Lists.o                   src/Lists.s:987
    Lists.o                   src/Lists.s:987
    Common.o                  src/Common.s:523
pusheax (lpush.o):
    _printf.o                 common/_printf.s:11
pushw0sp (pushwsp.o):
    vsprintf.o                common/vsprintf.s:8
pushwysp (pushwsp.o):
    System_FileIO.o           src/System_FileIO.s:186
    Screen_AddCharacter.o     src/Screen_AddCharacter.s:2687
    Lists.o                   src/Lists.s:987
    Lists.o                   src/Lists.s:987
regbank (zeropage.o):
    _printf.o                 /__w/vscode-cc65-debugger/vscode-cc65-debugger/3rdparty/cc65/asminc/zeropage.inc:14
regsave (zeropage.o):
    System_Graphics.o         src/System_Graphics.s:10
shlax3 (aslax3.o):
    System_Graphics.o         src/System_Graphics.s:2674
shlax4 (aslax4.o):
    Screen_Map.o              src/Screen_Map.s:5472
sp (zeropage.o):
    lpush.o                   runtime/lpush.s:13
    ldaxsp.o                  runtime/ldaxsp.s:8
    _printf.o                 /__w/vscode-cc65-debugger/vscode-cc65-debugger/3rdparty/cc65/asminc/zeropage.inc:11
    vsnprintf.o               common/vsnprintf.s:11
    _heap.o                   common/_heap.s:9
    subysp.o                  runtime/subysp.s:9
    staxspi.o                 runtime/staxspi.s:10
    staxsp.o                  runtime/staxsp.s:8
    staspidx.o                runtime/staspidx.s:9
    sprintf.o                 common/sprintf.s:9
    pushwsp.o                 runtime/pushwsp.s:8
    pushax.o                  runtime/pushax.s:8
    pusha.o                   runtime/pusha.s:8
    popptr1.o                 runtime/popptr1.s:9
    popa.o                    runtime/popa.s:8
    memcpy.o                  common/memcpy.s:15
    incsp2.o                  runtime/incsp2.s:8
    incsp1.o                  runtime/incsp1.s:8
    icmp.o                    runtime/icmp.s:9
    decsp7.o                  runtime/decsp7.s:8
    decsp6.o                  runtime/decsp6.s:8
    decsp5.o                  runtime/decsp5.s:8
    decsp4.o                  runtime/decsp4.s:8
    decsp3.o                  runtime/decsp3.s:8
    decsp2.o                  runtime/decsp2.s:8
    decsp1.o                  runtime/decsp1.s:8
    crt0.o                    /__w/vscode-cc65-debugger/vscode-cc65-debugger/3rdparty/cc65/asminc/zeropage.inc:11
    addysp.o                  runtime/addysp.s:8
    addeqsp.o                 runtime/addeqsp.s:8
    add.o                     runtime/add.s:12
    System_MusicPlayer.o      src/System_MusicPlayer.s:10
    System_MessageWindow.o    src/System_MessageWindow.s:10
    System_Graphics.o         src/System_Graphics.s:10
    System_FileIO.o           src/System_FileIO.s:10
    Screen_Title.o            src/Screen_Title.s:10
    Screen_Map.o              src/Screen_Map.s:10
    Screen_Credits.o          src/Screen_Credits.s:10
    Screen_Combat.o           src/Screen_Combat.s:10
    Screen_AddCharacter.o     src/Screen_AddCharacter.s:10
    MapDemo.o                 src/MapDemo.s:10
    Lists.o                   src/Lists.s:10
    Common.o                  src/Common.s:10
sreg (zeropage.o):
    lneg.o                    runtime/lneg.s:11
    ltoa.o                    common/ltoa.s:11
    lpush.o                   runtime/lpush.s:13
    axlong.o                  runtime/axlong.s:9
    _printf.o                 /__w/vscode-cc65-debugger/vscode-cc65-debugger/3rdparty/cc65/asminc/zeropage.inc:11
    umod.o                    runtime/umod.s:9
    udiv.o                    runtime/udiv.s:10
    mod.o                     runtime/mod.s:12
    icmp.o                    runtime/icmp.s:9
    System_MessageWindow.o    src/System_MessageWindow.s:10
    System_Graphics.o         src/System_Graphics.s:10
    Screen_Map.o              src/Screen_Map.s:10
    Screen_AddCharacter.o     src/Screen_AddCharacter.s:10
    Lists.o                   src/Lists.s:10
    Common.o                  src/Common.s:10
staspidx (staspidx.o):
    Screen_Map.o              src/Screen_Map.s:5472
stax0sp (staxsp.o):
    Screen_AddCharacter.o     src/Screen_AddCharacter.s:2687
    Screen_AddCharacter.o     src/Screen_AddCharacter.s:2687
    Screen_AddCharacter.o     src/Screen_AddCharacter.s:2687
    Lists.o                   src/Lists.s:987
    Lists.o                   src/Lists.s:987
    Lists.o                   src/Lists.s:987
    Lists.o                   src/Lists.s:987
    Lists.o                   src/Lists.s:987
    Lists.o                   src/Lists.s:987
    Lists.o                   src/Lists.s:987
staxspidx (staxspi.o):
    Screen_Map.o              src/Screen_Map.s:5472
    Screen_Map.o              src/Screen_Map.s:5472
staxysp (staxsp.o):
    vsprintf.o                common/vsprintf.s:8
    Screen_AddCharacter.o     src/Screen_AddCharacter.s:2687
    Lists.o                   src/Lists.s:987
    Lists.o                   src/Lists.s:987
    Lists.o                   src/Lists.s:987
    Lists.o                   src/Lists.s:987
    Lists.o                   src/Lists.s:987
    Lists.o                   src/Lists.s:987
    Lists.o                   src/Lists.s:987
subysp (subysp.o):
    System_FileIO.o           src/System_FileIO.s:186
tmp1 (zeropage.o):
    ltoa.o                    common/ltoa.s:11
    _printf.o                 /__w/vscode-cc65-debugger/vscode-cc65-debugger/3rdparty/cc65/asminc/zeropage.inc:13
    staxspi.o                 runtime/staxspi.s:10
    staspidx.o                runtime/staspidx.s:9
    shelp.o                   runtime/shelp.s:12
    mod.o                     runtime/mod.s:12
    c_setlfs.o                cbm/c_setlfs.s:13
    c_save.o                  cbm/c_save.s:11
    aslax4.o                  runtime/aslax4.s:8
    aslax3.o                  runtime/aslax3.s:8
    aslax2.o                  runtime/aslax2.s:8
    add.o                     runtime/add.s:12
    Screen_Map.o              src/Screen_Map.s:11
tmp2 (zeropage.o):
    shelp.o                   runtime/shelp.s:12
tosaddax (add.o):
    System_MessageWindow.o    src/System_MessageWindow.s:949
    Screen_Map.o              src/Screen_Map.s:5472
    Screen_Map.o              src/Screen_Map.s:5472
    Screen_AddCharacter.o     src/Screen_AddCharacter.s:2687
tosicmp (icmp.o):
    System_MessageWindow.o    src/System_MessageWindow.s:949
    System_Graphics.o         src/System_Graphics.s:2674
    Screen_Combat.o           src/Screen_Combat.s:273
    Screen_AddCharacter.o     src/Screen_AddCharacter.s:2687
    Screen_AddCharacter.o     src/Screen_AddCharacter.s:2687
    Screen_AddCharacter.o     src/Screen_AddCharacter.s:2687
tosicmp0 (icmp.o):
    Screen_AddCharacter.o     src/Screen_AddCharacter.s:2687
tosmoda0 (mod.o):
    Screen_Map.o              src/Screen_Map.s:5472
    Screen_Map.o              src/Screen_Map.s:5472
    Screen_AddCharacter.o     src/Screen_AddCharacter.s:2687
tosmula0 (mul8.o):
    System_MessageWindow.o    src/System_MessageWindow.s:949
    Screen_Map.o              src/Screen_Map.s:5472
    Screen_Map.o              src/Screen_Map.s:5472
    Screen_Map.o              src/Screen_Map.s:5472
    Screen_Map.o              src/Screen_Map.s:5472
    Screen_Map.o              src/Screen_Map.s:5472
    Screen_Map.o              src/Screen_Map.s:5472
    Screen_Map.o              src/Screen_Map.s:5472
    Screen_Map.o              src/Screen_Map.s:5472
    Screen_Map.o              src/Screen_Map.s:5472
    Screen_Map.o              src/Screen_Map.s:5472
    Screen_Map.o              src/Screen_Map.s:5472
    Screen_Map.o              src/Screen_Map.s:5472
    Screen_Map.o              src/Screen_Map.s:5472
    Screen_Credits.o          src/Screen_Credits.s:283
    Screen_AddCharacter.o     src/Screen_AddCharacter.s:2687
    Screen_AddCharacter.o     src/Screen_AddCharacter.s:2687
tosumoda0 (umod.o):
    System_Graphics.o         src/System_Graphics.s:2674
    System_Graphics.o         src/System_Graphics.s:2674
    Screen_Credits.o          src/Screen_Credits.s:283
tosumula0 (mul8.o):
    System_MessageWindow.o    src/System_MessageWindow.s:949
    Screen_Map.o              src/Screen_Map.s:5472
udiv16 (udiv.o):
    umod.o                    runtime/umod.s:8
    shelp.o                   runtime/shelp.s:11
vsnprintf (vsnprintf.o):
    vsprintf.o                common/vsprintf.s:9
zerobss (zerobss.o):
    crt0.o                    c64/crt0.s:9

